Archive member included because of file (symbol)

/Users/davide/Documents/NQM_WORK/Agritech/stm32f4/lib/STM32F4xx_StdPeriph_Driver/libstdperiph.a(misc.o)
                              /Users/davide/Documents/NQM_WORK/Agritech/stm32f4/build/main.bak2.o (NVIC_Init)
/Users/davide/Documents/NQM_WORK/Agritech/stm32f4/lib/STM32F4xx_StdPeriph_Driver/libstdperiph.a(stm32f4xx_rcc.o)
                              /Users/davide/Documents/NQM_WORK/Agritech/stm32f4/build/main.bak2.o (RCC_AHB1PeriphClockCmd)
/Users/davide/Documents/NQM_WORK/Agritech/stm32f4/lib/STM32F4xx_StdPeriph_Driver/libstdperiph.a(stm32f4xx_gpio.o)
                              /Users/davide/Documents/NQM_WORK/Agritech/stm32f4/build/main.bak2.o (GPIO_Init)
/Users/davide/Documents/NQM_WORK/Agritech/stm32f4/lib/STM32F4xx_StdPeriph_Driver/libstdperiph.a(stm32f4xx_usart.o)
                              /Users/davide/Documents/NQM_WORK/Agritech/stm32f4/build/main.bak2.o (USART_Init)
/Users/davide/Documents/NQM_WORK/Agritech/gcc-arm-none-eabi-4_8-2014q1/bin/../lib/gcc/arm-none-eabi/4.8.3/../../../../arm-none-eabi/lib/armv7e-m/libc_s.a(lib_a-memset.o)
                              /Users/davide/Documents/NQM_WORK/Agritech/stm32f4/build/main.bak2.o (memset)
/Users/davide/Documents/NQM_WORK/Agritech/gcc-arm-none-eabi-4_8-2014q1/bin/../lib/gcc/arm-none-eabi/4.8.3/../../../../arm-none-eabi/lib/armv7e-m/libc_s.a(lib_a-printf.o)
                              /Users/davide/Documents/NQM_WORK/Agritech/stm32f4/build/main.bak2.o (printf)
/Users/davide/Documents/NQM_WORK/Agritech/gcc-arm-none-eabi-4_8-2014q1/bin/../lib/gcc/arm-none-eabi/4.8.3/../../../../arm-none-eabi/lib/armv7e-m/libc_s.a(lib_a-vfprintf.o)
                              /Users/davide/Documents/NQM_WORK/Agritech/gcc-arm-none-eabi-4_8-2014q1/bin/../lib/gcc/arm-none-eabi/4.8.3/../../../../arm-none-eabi/lib/armv7e-m/libc_s.a(lib_a-printf.o) (_vfprintf_r)
/Users/davide/Documents/NQM_WORK/Agritech/gcc-arm-none-eabi-4_8-2014q1/bin/../lib/gcc/arm-none-eabi/4.8.3/../../../../arm-none-eabi/lib/armv7e-m/libc_s.a(lib_a-vfprintf_i.o)
                              /Users/davide/Documents/NQM_WORK/Agritech/gcc-arm-none-eabi-4_8-2014q1/bin/../lib/gcc/arm-none-eabi/4.8.3/../../../../arm-none-eabi/lib/armv7e-m/libc_s.a(lib_a-vfprintf.o) (_printf_i)
/Users/davide/Documents/NQM_WORK/Agritech/gcc-arm-none-eabi-4_8-2014q1/bin/../lib/gcc/arm-none-eabi/4.8.3/../../../../arm-none-eabi/lib/armv7e-m/libc_s.a(lib_a-vsprintf.o)
                              /Users/davide/Documents/NQM_WORK/Agritech/stm32f4/build/main.bak2.o (vsprintf)
/Users/davide/Documents/NQM_WORK/Agritech/gcc-arm-none-eabi-4_8-2014q1/bin/../lib/gcc/arm-none-eabi/4.8.3/../../../../arm-none-eabi/lib/armv7e-m/libc_s.a(lib_a-wbuf.o)
                              /Users/davide/Documents/NQM_WORK/Agritech/gcc-arm-none-eabi-4_8-2014q1/bin/../lib/gcc/arm-none-eabi/4.8.3/../../../../arm-none-eabi/lib/armv7e-m/libc_s.a(lib_a-vfprintf.o) (__swbuf_r)
/Users/davide/Documents/NQM_WORK/Agritech/gcc-arm-none-eabi-4_8-2014q1/bin/../lib/gcc/arm-none-eabi/4.8.3/../../../../arm-none-eabi/lib/armv7e-m/libc_s.a(lib_a-wsetup.o)
                              /Users/davide/Documents/NQM_WORK/Agritech/gcc-arm-none-eabi-4_8-2014q1/bin/../lib/gcc/arm-none-eabi/4.8.3/../../../../arm-none-eabi/lib/armv7e-m/libc_s.a(lib_a-vfprintf.o) (__swsetup_r)
/Users/davide/Documents/NQM_WORK/Agritech/gcc-arm-none-eabi-4_8-2014q1/bin/../lib/gcc/arm-none-eabi/4.8.3/../../../../arm-none-eabi/lib/armv7e-m/libc_s.a(lib_a-fflush.o)
                              /Users/davide/Documents/NQM_WORK/Agritech/gcc-arm-none-eabi-4_8-2014q1/bin/../lib/gcc/arm-none-eabi/4.8.3/../../../../arm-none-eabi/lib/armv7e-m/libc_s.a(lib_a-wbuf.o) (_fflush_r)
/Users/davide/Documents/NQM_WORK/Agritech/gcc-arm-none-eabi-4_8-2014q1/bin/../lib/gcc/arm-none-eabi/4.8.3/../../../../arm-none-eabi/lib/armv7e-m/libc_s.a(lib_a-findfp.o)
                              /Users/davide/Documents/NQM_WORK/Agritech/gcc-arm-none-eabi-4_8-2014q1/bin/../lib/gcc/arm-none-eabi/4.8.3/../../../../arm-none-eabi/lib/armv7e-m/libc_s.a(lib_a-printf.o) (__sinit)
/Users/davide/Documents/NQM_WORK/Agritech/gcc-arm-none-eabi-4_8-2014q1/bin/../lib/gcc/arm-none-eabi/4.8.3/../../../../arm-none-eabi/lib/armv7e-m/libc_s.a(lib_a-fvwrite.o)
                              /Users/davide/Documents/NQM_WORK/Agritech/gcc-arm-none-eabi-4_8-2014q1/bin/../lib/gcc/arm-none-eabi/4.8.3/../../../../arm-none-eabi/lib/armv7e-m/libc_s.a(lib_a-vfprintf.o) (__sfvwrite_r)
/Users/davide/Documents/NQM_WORK/Agritech/gcc-arm-none-eabi-4_8-2014q1/bin/../lib/gcc/arm-none-eabi/4.8.3/../../../../arm-none-eabi/lib/armv7e-m/libc_s.a(lib_a-fwalk.o)
                              /Users/davide/Documents/NQM_WORK/Agritech/gcc-arm-none-eabi-4_8-2014q1/bin/../lib/gcc/arm-none-eabi/4.8.3/../../../../arm-none-eabi/lib/armv7e-m/libc_s.a(lib_a-findfp.o) (_fwalk)
[...]
Memory Configuration

Name             Origin             Length             Attributes
FLASH            0x0000000008000000 0x0000000000100000 xr
RAM              0x0000000020000000 0x0000000000020000 xrw
CCM              0x0000000010000000 0x0000000000010000 xrw
*default*        0x0000000000000000 0xffffffffffffffff

Linker script and memory map

LOAD /Users/davide/Documents/NQM_WORK/Agritech/stm32f4/build/main.bak2.o
LOAD /Users/davide/Documents/NQM_WORK/Agritech/stm32f4/build/startup_stm32f4xx.o
LOAD /Users/davide/Documents/NQM_WORK/Agritech/stm32f4/build/system_stm32f4xx.o
LOAD /Users/davide/Documents/NQM_WORK/Agritech/stm32f4/build/dht22.o
LOAD /Users/davide/Documents/NQM_WORK/Agritech/stm32f4/build/timer.o
LOAD /Users/davide/Documents/NQM_WORK/Agritech/stm32f4/build/utility.o
LOAD /Users/davide/Documents/NQM_WORK/Agritech/stm32f4/build/crc16.o
LOAD /Users/davide/Documents/NQM_WORK/Agritech/stm32f4/build/CortexM4asmOps.o
LOAD /Users/davide/Documents/NQM_WORK/Agritech/stm32f4/lib/STM32F4xx_StdPeriph_Driver/libstdperiph.a
LOAD /Users/davide/Documents/NQM_WORK/Agritech/gcc-arm-none-eabi-4_8-2014q1/bin/../lib/gcc/arm-none-eabi/4.8.3/../../../../arm-none-eabi/lib/armv7e-m/libc_s.a
LOAD /Users/davide/Documents/NQM_WORK/Agritech/gcc-arm-none-eabi-4_8-2014q1/bin/../lib/gcc/arm-none-eabi/4.8.3/armv7e-m/libgcc.a
LOAD /Users/davide/Documents/NQM_WORK/Agritech/gcc-arm-none-eabi-4_8-2014q1/bin/../lib/gcc/arm-none-eabi/4.8.3/../../../../arm-none-eabi/lib/armv7e-m/libnosys.a
START GROUP
LOAD /Users/davide/Documents/NQM_WORK/Agritech/gcc-arm-none-eabi-4_8-2014q1/bin/../lib/gcc/arm-none-eabi/4.8.3/armv7e-m/libgcc.a
LOAD /Users/davide/Documents/NQM_WORK/Agritech/gcc-arm-none-eabi-4_8-2014q1/bin/../lib/gcc/arm-none-eabi/4.8.3/../../../../arm-none-eabi/lib/armv7e-m/libc_s.a
END GROUP
START GROUP
LOAD /Users/davide/Documents/NQM_WORK/Agritech/gcc-arm-none-eabi-4_8-2014q1/bin/../lib/gcc/arm-none-eabi/4.8.3/armv7e-m/libgcc.a
LOAD /Users/davide/Documents/NQM_WORK/Agritech/gcc-arm-none-eabi-4_8-2014q1/bin/../lib/gcc/arm-none-eabi/4.8.3/../../../../arm-none-eabi/lib/armv7e-m/libc_s.a
END GROUP
                0x0000000020020000                _estack = 0x20020000
                0x0000000000000000                _Min_Heap_Size = 0x0
                0x0000000000000400                _Min_Stack_Size = 0x400

.isr_vector     0x0000000008000000      0x188
                0x0000000008000000                . = ALIGN (0x4)
 *(.isr_vector)
 .isr_vector    0x0000000008000000      0x188 /Users/davide/Documents/NQM_WORK/Agritech/stm32f4/build/startup_stm32f4xx.o
                0x0000000008000000                g_pfnVectors
                0x0000000008000188                . = ALIGN (0x4)

.text           0x0000000008000188     0x2bc8
                0x0000000008000188                . = ALIGN (0x4)
 *(.text)
 .text          0x0000000008000188      0x3b4 /Users/davide/Documents/NQM_WORK/Agritech/stm32f4/build/main.bak2.o
                0x0000000008000188                SysTick_Handler
                0x000000000800018c                Delay
                0x00000000080001a8                setSysTick
                0x00000000080001ec                LED_setup
                0x000000000800021c                setup_Periph
                0x00000000080002cc                USART_puts
                0x0000000008000314                print_fun
                0x0000000008000344                loop_fun
                0x00000000080003e8                stop_fun
                0x00000000080003ec                test
                0x0000000008000488                USART3_IRQHandler
 .text          0x000000000800053c       0x70 /Users/davide/Documents/NQM_WORK/Agritech/stm32f4/build/startup_stm32f4xx.o
                0x000000000800053c                DMA1_Stream3_IRQHandler
                0x000000000800053c                HASH_RNG_IRQHandler
                0x000000000800053c                EXTI2_IRQHandler
                0x000000000800053c                TIM8_CC_IRQHandler
                0x000000000800053c                DebugMon_Handler
                0x000000000800053c                TIM1_CC_IRQHandler
                0x000000000800053c                DMA2_Stream5_IRQHandler
                0x000000000800053c                DMA1_Stream5_IRQHandler
                0x000000000800053c                PVD_IRQHandler
                0x000000000800053c                SDIO_IRQHandler
                0x000000000800053c                TAMP_STAMP_IRQHandler
                0x000000000800053c                PendSV_Handler
                0x000000000800053c                CAN2_RX1_IRQHandler
                0x000000000800053c                EXTI3_IRQHandler
                0x000000000800053c                TIM8_TRG_COM_TIM14_IRQHandler
                0x000000000800053c                TIM1_UP_TIM10_IRQHandler
                0x000000000800053c                TIM8_UP_TIM13_IRQHandler
                0x000000000800053c                I2C3_ER_IRQHandler
                0x000000000800053c                EXTI0_IRQHandler
                0x000000000800053c                I2C2_EV_IRQHandler
                0x000000000800053c                DMA1_Stream2_IRQHandler
                0x000000000800053c                CAN1_RX0_IRQHandler
                0x000000000800053c                FPU_IRQHandler
                0x000000000800053c                OTG_HS_WKUP_IRQHandler
                0x000000000800053c                UsageFault_Handler
                0x000000000800053c                CAN2_SCE_IRQHandler
                0x000000000800053c                DMA2_Stream2_IRQHandler
                0x000000000800053c                SPI1_IRQHandler
                0x000000000800053c                TIM6_DAC_IRQHandler
                0x000000000800053c                TIM1_BRK_TIM9_IRQHandler
                0x000000000800053c                DCMI_IRQHandler
                0x000000000800053c                CAN2_RX0_IRQHandler
                0x000000000800053c                DMA2_Stream3_IRQHandler
                0x000000000800053c                USART6_IRQHandler
                0x000000000800053c                CRYP_IRQHandler
                0x000000000800053c                RTC_Alarm_IRQHandler
                0x000000000800053c                CAN1_RX1_IRQHandler
                0x000000000800053c                UART5_IRQHandler
                0x000000000800053c                DMA2_Stream0_IRQHandler
                0x000000000800053c                TIM4_IRQHandler
                0x000000000800053c                I2C1_EV_IRQHandler
                0x000000000800053c                DMA1_Stream6_IRQHandler
                0x000000000800053c                DMA1_Stream1_IRQHandler
                0x000000000800053c                UART4_IRQHandler
                0x000000000800053c                TIM3_IRQHandler
                0x000000000800053c                RCC_IRQHandler
                0x000000000800053c                TIM8_BRK_TIM12_IRQHandler
                0x000000000800053c                Default_Handler
                0x000000000800053c                EXTI15_10_IRQHandler
                0x000000000800053c                ADC_IRQHandler
                0x000000000800053c                DMA1_Stream7_IRQHandler
                0x000000000800053c                TIM7_IRQHandler
                0x000000000800053c                CAN2_TX_IRQHandler
                0x000000000800053c                TIM5_IRQHandler
                0x000000000800053c                DMA2_Stream7_IRQHandler
                0x000000000800053c                I2C3_EV_IRQHandler
                0x000000000800053c                EXTI9_5_IRQHandler
                0x000000000800053c                RTC_WKUP_IRQHandler
                0x000000000800053c                ETH_WKUP_IRQHandler
                0x000000000800053c                SPI2_IRQHandler
                0x000000000800053c                OTG_HS_EP1_IN_IRQHandler
                0x000000000800053c                MemManage_Handler
                0x000000000800053c                DMA1_Stream0_IRQHandler
                0x000000000800053c                CAN1_TX_IRQHandler
                0x000000000800053c                SVC_Handler
                0x000000000800053c                EXTI4_IRQHandler
                0x000000000800053c                FSMC_IRQHandler
                0x000000000800053c                ETH_IRQHandler
                0x000000000800053c                OTG_HS_EP1_OUT_IRQHandler
                0x000000000800053c                WWDG_IRQHandler
                0x000000000800053c                TIM2_IRQHandler
                0x000000000800053c                OTG_FS_WKUP_IRQHandler
                0x000000000800053c                TIM1_TRG_COM_TIM11_IRQHandler
                0x000000000800053c                OTG_HS_IRQHandler
                0x000000000800053c                EXTI1_IRQHandler
                0x000000000800053c                USART2_IRQHandler
                0x000000000800053c                I2C2_ER_IRQHandler
                0x000000000800053c                DMA2_Stream1_IRQHandler
                0x000000000800053c                CAN1_SCE_IRQHandler
                0x000000000800053c                FLASH_IRQHandler
                0x000000000800053c                DMA2_Stream4_IRQHandler
                0x000000000800053c                BusFault_Handler
                0x000000000800053c                USART1_IRQHandler
                0x000000000800053c                OTG_FS_IRQHandler
                0x000000000800053c                SPI3_IRQHandler
                0x000000000800053c                DMA1_Stream4_IRQHandler
                0x000000000800053c                I2C1_ER_IRQHandler
                0x000000000800053c                DMA2_Stream6_IRQHandler
                0x0000000008000540                Reset_Handler
 .text          0x00000000080005ac      0x158 /Users/davide/Documents/NQM_WORK/Agritech/stm32f4/build/system_stm32f4xx.o
                0x00000000080005ac                SystemInit
                0x000000000800069c                SystemCoreClockUpdate
 .text          0x0000000008000704      0x208 /Users/davide/Documents/NQM_WORK/Agritech/stm32f4/build/dht22.o
                0x0000000008000704                GPIOx_TypeDefInitialize
                0x0000000008000760                dht_init
                0x0000000008000788                pinMode
                0x00000000080007dc                expectPulse
                0x0000000008000818                DHT_read
 .text          0x000000000800090c       0xac /Users/davide/Documents/NQM_WORK/Agritech/stm32f4/build/timer.o
                0x000000000800090c                timer_get
                0x0000000008000918                timer_start
                0x000000000800092c                timer_block
                0x000000000800093c                delay_us
                0x0000000008000954                timer_decrement
                0x0000000008000974                timer_init
 .text          0x00000000080009b8      0x14c /Users/davide/Documents/NQM_WORK/Agritech/stm32f4/build/utility.o
                0x00000000080009b8                getSensorPin
                0x0000000008000a44                readOne
                0x0000000008000a64                readAll
                0x0000000008000a80                initOne
                0x0000000008000aa0                initAll
                0x0000000008000ab4                gen_crc16
 .text          0x0000000008000b04       0x34 /Users/davide/Documents/NQM_WORK/Agritech/stm32f4/build/crc16.o
                0x0000000008000b04                crc16_ccitt
 .text          0x0000000008000b38       0xd0 /Users/davide/Documents/NQM_WORK/Agritech/stm32f4/lib/STM32F4xx_StdPeriph_Driver/libstdperiph.a(misc.o)
                0x0000000008000b38                NVIC_PriorityGroupConfig
                0x0000000008000b4c                NVIC_Init
                0x0000000008000bc4                NVIC_SetVectorTable
                0x0000000008000bd8                NVIC_SystemLPConfig
                0x0000000008000bf0                SysTick_CLKSourceConfig
 .text          0x0000000008000c08      0x53c /Users/davide/Documents/NQM_WORK/Agritech/stm32f4/lib/STM32F4xx_StdPeriph_Driver/libstdperiph.a(stm32f4xx_rcc.o)
                0x0000000008000c08                RCC_DeInit
                0x0000000008000c58                RCC_HSEConfig
                0x0000000008000c68                RCC_WaitForHSEStartUp
                0x0000000008000ca0                RCC_AdjustHSICalibrationValue
                0x0000000008000cb4                RCC_HSICmd
                0x0000000008000cc0                RCC_LSEConfig
                0x0000000008000ce0                RCC_LSICmd
                0x0000000008000cec                RCC_PLLConfig
                0x0000000008000d10                RCC_PLLCmd
                0x0000000008000d1c                RCC_PLLI2SConfig
                0x0000000008000d30                RCC_PLLI2SCmd
                0x0000000008000d3c                RCC_PLLSAIConfig
                0x0000000008000d54                RCC_PLLSAICmd
                0x0000000008000d60                RCC_ClockSecuritySystemCmd
                0x0000000008000d6c                RCC_MCO1Config
                0x0000000008000d80                RCC_MCO2Config
                0x0000000008000d94                RCC_SYSCLKConfig
                0x0000000008000da8                RCC_GetSYSCLKSource
                0x0000000008000db8                RCC_HCLKConfig
                0x0000000008000dcc                RCC_PCLK1Config
                0x0000000008000de0                RCC_PCLK2Config
                0x0000000008000df4                RCC_GetClocksFreq
                0x0000000008000e84                RCC_RTCCLKConfig
                0x0000000008000eb4                RCC_RTCCLKCmd
                0x0000000008000ec0                RCC_BackupResetCmd
                0x0000000008000ecc                RCC_I2SCLKConfig
                0x0000000008000ed8                RCC_SAIPLLI2SClkDivConfig
                0x0000000008000ef0                RCC_SAIPLLSAIClkDivConfig
                0x0000000008000f0c                RCC_SAIBlockACLKConfig
                0x0000000008000f24                RCC_SAIBlockBCLKConfig
                0x0000000008000f3c                RCC_LTDCCLKDivConfig
                0x0000000008000f54                RCC_TIMCLKPresConfig
                0x0000000008000f60                RCC_AHB1PeriphClockCmd
                0x0000000008000f78                RCC_AHB2PeriphClockCmd
                0x0000000008000f90                RCC_AHB3PeriphClockCmd
                0x0000000008000fa8                RCC_APB1PeriphClockCmd
                0x0000000008000fc0                RCC_APB2PeriphClockCmd
                0x0000000008000fd8                RCC_AHB1PeriphResetCmd
                0x0000000008000ff0                RCC_AHB2PeriphResetCmd
                0x0000000008001008                RCC_AHB3PeriphResetCmd
                0x0000000008001020                RCC_APB1PeriphResetCmd
                0x0000000008001038                RCC_APB2PeriphResetCmd
                0x0000000008001050                RCC_AHB1PeriphClockLPModeCmd
                0x0000000008001068                RCC_AHB2PeriphClockLPModeCmd
                0x0000000008001080                RCC_AHB3PeriphClockLPModeCmd
                0x0000000008001098                RCC_APB1PeriphClockLPModeCmd
                0x00000000080010b0                RCC_APB2PeriphClockLPModeCmd
                0x00000000080010c8                RCC_ITConfig
                0x00000000080010e0                RCC_GetFlagStatus
                0x0000000008001114                RCC_ClearFlag
                0x0000000008001124                RCC_GetITStatus
                0x0000000008001138                RCC_ClearITPendingBit
 .text          0x0000000008001144      0x2c0 /Users/davide/Documents/NQM_WORK/Agritech/stm32f4/lib/STM32F4xx_StdPeriph_Driver/libstdperiph.a(stm32f4xx_gpio.o)
                0x0000000008001144                GPIO_DeInit
                0x00000000080012a0                GPIO_Init
                0x000000000800135c                GPIO_StructInit
                0x0000000008001370                GPIO_PinLockConfig
                0x0000000008001394                GPIO_ReadInputDataBit
                0x00000000080013a0                GPIO_ReadInputData
                0x00000000080013a8                GPIO_ReadOutputDataBit
                0x00000000080013b4                GPIO_ReadOutputData
                0x00000000080013bc                GPIO_SetBits
                0x00000000080013c0                GPIO_ResetBits
                0x00000000080013c4                GPIO_WriteBit
                0x00000000080013d0                GPIO_Write
                0x00000000080013d4                GPIO_ToggleBits
                0x00000000080013dc                GPIO_PinAFConfig
 .text          0x0000000008001404      0x478 /Users/davide/Documents/NQM_WORK/Agritech/stm32f4/lib/STM32F4xx_StdPeriph_Driver/libstdperiph.a(stm32f4xx_usart.o)
                0x0000000008001404                USART_DeInit
                0x0000000008001510                USART_Init
                0x00000000080015d4                USART_StructInit
                0x00000000080015ec                USART_ClockInit
                0x0000000008001610                USART_ClockStructInit
                0x000000000800161c                USART_Cmd
                0x0000000008001638                USART_SetPrescaler
                0x000000000800164c                USART_OverSampling8Cmd
                0x0000000008001668                USART_OneBitMethodCmd
                0x0000000008001684                USART_SendData
                0x000000000800168c                USART_ReceiveData
                0x0000000008001694                USART_SetAddress
                0x00000000080016ac                USART_ReceiverWakeUpCmd
                0x00000000080016c8                USART_WakeUpConfig
                0x00000000080016e0                USART_LINBreakDetectLengthConfig
                0x00000000080016f8                USART_LINCmd
                0x0000000008001714                USART_SendBreak
                0x0000000008001720                USART_HalfDuplexCmd
                0x000000000800173c                USART_SetGuardTime
                0x0000000008001750                USART_SmartCardCmd
                0x000000000800176c                USART_SmartCardNACKCmd
                0x0000000008001788                USART_IrDAConfig
                0x00000000080017a0                USART_IrDACmd
                0x00000000080017bc                USART_DMACmd
                0x00000000080017d0                USART_ITConfig
                0x000000000800180c                USART_GetFlagStatus
                0x0000000008001818                USART_ClearFlag
                0x0000000008001820                USART_GetITStatus
                0x000000000800186c                USART_ClearITPendingBit
 *(.text*)
 .text.startup  0x000000000800187c       0x6c /Users/davide/Documents/NQM_WORK/Agritech/stm32f4/build/main.bak2.o
                0x000000000800187c                main
 .text.memset   0x00000000080018e8       0x10 /Users/davide/Documents/NQM_WORK/Agritech/gcc-arm-none-eabi-4_8-2014q1/bin/../lib/gcc/arm-none-eabi/4.8.3/../../../../arm-none-eabi/lib/armv7e-m/libc_s.a(lib_a-memset.o)
                0x00000000080018e8                memset
 .text.printf   0x00000000080018f8       0x30 /Users/davide/Documents/NQM_WORK/Agritech/gcc-arm-none-eabi-4_8-2014q1/bin/../lib/gcc/arm-none-eabi/4.8.3/../../../../arm-none-eabi/lib/armv7e-m/libc_s.a(lib_a-printf.o)
                0x00000000080018f8                printf
                0x00000000080018f8                iprintf
 .text.__sfputc_r
                0x0000000008001928       0x2c /Users/davide/Documents/NQM_WORK/Agritech/gcc-arm-none-eabi-4_8-2014q1/bin/../lib/gcc/arm-none-eabi/4.8.3/../../../../arm-none-eabi/lib/armv7e-m/libc_s.a(lib_a-vfprintf.o)
 .text.__sfputs_r
                0x0000000008001954       0x24 /Users/davide/Documents/NQM_WORK/Agritech/gcc-arm-none-eabi-4_8-2014q1/bin/../lib/gcc/arm-none-eabi/4.8.3/../../../../arm-none-eabi/lib/armv7e-m/libc_s.a(lib_a-vfprintf.o)
                0x0000000008001954                __sfputs_r
 .text._vfprintf_r
                0x0000000008001978      0x208 /Users/davide/Documents/NQM_WORK/Agritech/gcc-arm-none-eabi-4_8-2014q1/bin/../lib/gcc/arm-none-eabi/4.8.3/../../../../arm-none-eabi/lib/armv7e-m/libc_s.a(lib_a-vfprintf.o)
                0x0000000008001978                _vfiprintf_r
                0x0000000008001978                _vfprintf_r
 .text._printf_common
                0x0000000008001b80       0xe4 /Users/davide/Documents/NQM_WORK/Agritech/gcc-arm-none-eabi-4_8-2014q1/bin/../lib/gcc/arm-none-eabi/4.8.3/../../../../arm-none-eabi/lib/armv7e-m/libc_s.a(lib_a-vfprintf_i.o)
                0x0000000008001b80                _printf_common
 .text._printf_i
                0x0000000008001c64      0x228 /Users/davide/Documents/NQM_WORK/Agritech/gcc-arm-none-eabi-4_8-2014q1/bin/../lib/gcc/arm-none-eabi/4.8.3/../../../../arm-none-eabi/lib/armv7e-m/libc_s.a(lib_a-vfprintf_i.o)
                0x0000000008001c64                _printf_i
 .text._vsprintf_r
                0x0000000008001e8c       0x30 /Users/davide/Documents/NQM_WORK/Agritech/gcc-arm-none-eabi-4_8-2014q1/bin/../lib/gcc/arm-none-eabi/4.8.3/../../../../arm-none-eabi/lib/armv7e-m/libc_s.a(lib_a-vsprintf.o)
                0x0000000008001e8c                _vsiprintf_r
                0x0000000008001e8c                _vsprintf_r
 .text.vsprintf
                0x0000000008001ebc       0x1c /Users/davide/Documents/NQM_WORK/Agritech/gcc-arm-none-eabi-4_8-2014q1/bin/../lib/gcc/arm-none-eabi/4.8.3/../../../../arm-none-eabi/lib/armv7e-m/libc_s.a(lib_a-vsprintf.o)
                0x0000000008001ebc                vsprintf
                0x0000000008001ebc                vsiprintf
 .text.__swbuf_r
                0x0000000008001ed8       0xa8 /Users/davide/Documents/NQM_WORK/Agritech/gcc-arm-none-eabi-4_8-2014q1/bin/../lib/gcc/arm-none-eabi/4.8.3/../../../../arm-none-eabi/lib/armv7e-m/libc_s.a(lib_a-wbuf.o)
                0x0000000008001ed8                __swbuf_r
 .text.__swsetup_r
                0x0000000008001f80       0xdc /Users/davide/Documents/NQM_WORK/Agritech/gcc-arm-none-eabi-4_8-2014q1/bin/../lib/gcc/arm-none-eabi/4.8.3/../../../../arm-none-eabi/lib/armv7e-m/libc_s.a(lib_a-wsetup.o)
                0x0000000008001f80                __swsetup_r
 .text.__sflush_r
                0x000000000800205c      0x106 /Users/davide/Documents/NQM_WORK/Agritech/gcc-arm-none-eabi-4_8-2014q1/bin/../lib/gcc/arm-none-eabi/4.8.3/../../../../arm-none-eabi/lib/armv7e-m/libc_s.a(lib_a-fflush.o)
                0x000000000800205c                __sflush_r
 *fill*         0x0000000008002162        0x2 
 .text._fflush_r
                0x0000000008002164       0x54 /Users/davide/Documents/NQM_WORK/Agritech/gcc-arm-none-eabi-4_8-2014q1/bin/../lib/gcc/arm-none-eabi/4.8.3/../../../../arm-none-eabi/lib/armv7e-m/libc_s.a(lib_a-fflush.o)
                0x0000000008002164                _fflush_r
 .text._cleanup_r
                0x00000000080021b8       0x32 /Users/davide/Documents/NQM_WORK/Agritech/gcc-arm-none-eabi-4_8-2014q1/bin/../lib/gcc/arm-none-eabi/4.8.3/../../../../arm-none-eabi/lib/armv7e-m/libc_s.a(lib_a-findfp.o)
                0x00000000080021b8                _cleanup_r
 *fill*         0x00000000080021ea        0x2 
 .text.std.isra.0
                0x00000000080021ec       0x48 /Users/davide/Documents/NQM_WORK/Agritech/gcc-arm-none-eabi-4_8-2014q1/bin/../lib/gcc/arm-none-eabi/4.8.3/../../../../arm-none-eabi/lib/armv7e-m/libc_s.a(lib_a-findfp.o)
 .text.__sfmoreglue
                0x0000000008002234       0x2c /Users/davide/Documents/NQM_WORK/Agritech/gcc-arm-none-eabi-4_8-2014q1/bin/../lib/gcc/arm-none-eabi/4.8.3/../../../../arm-none-eabi/lib/armv7e-m/libc_s.a(lib_a-findfp.o)
                0x0000000008002234                __sfmoreglue
 .text.__sinit  0x0000000008002260       0x60 /Users/davide/Documents/NQM_WORK/Agritech/gcc-arm-none-eabi-4_8-2014q1/bin/../lib/gcc/arm-none-eabi/4.8.3/../../../../arm-none-eabi/lib/armv7e-m/libc_s.a(lib_a-findfp.o)
                0x0000000008002260                __sinit
 .text.__sfp    0x00000000080022c0       0x74 /Users/davide/Documents/NQM_WORK/Agritech/gcc-arm-none-eabi-4_8-2014q1/bin/../lib/gcc/arm-none-eabi/4.8.3/../../../../arm-none-eabi/lib/armv7e-m/libc_s.a(lib_a-findfp.o)
                0x00000000080022c0                __sfp
 .text.__smakebuf_r
                0x0000000008002334       0x9c /Users/davide/Documents/NQM_WORK/Agritech/gcc-arm-none-eabi-4_8-2014q1/bin/../lib/gcc/arm-none-eabi/4.8.3/../../../../arm-none-eabi/lib/armv7e-m/libc_s.a(lib_a-makebuf.o)
                0x0000000008002334                __smakebuf_r
 .text.memchr   0x00000000080023d0       0x1e /Users/davide/Documents/NQM_WORK/Agritech/gcc-arm-none-eabi-4_8-2014q1/bin/../lib/gcc/arm-none-eabi/4.8.3/../../../../arm-none-eabi/lib/armv7e-m/libc_s.a(lib_a-memchr-stub.o)
                0x00000000080023d0                memchr
 .text.memcpy   0x00000000080023ee       0x12 /Users/davide/Documents/NQM_WORK/Agritech/gcc-arm-none-eabi-4_8-2014q1/bin/../lib/gcc/arm-none-eabi/4.8.3/../../../../arm-none-eabi/lib/armv7e-m/libc_s.a(lib_a-memcpy-stub.o)
                0x00000000080023ee                memcpy
 .text.memmove  0x0000000008002400       0x36 /Users/davide/Documents/NQM_WORK/Agritech/gcc-arm-none-eabi-4_8-2014q1/bin/../lib/gcc/arm-none-eabi/4.8.3/../../../../arm-none-eabi/lib/armv7e-m/libc_s.a(lib_a-memmove.o)
                0x0000000008002400                memmove
 *fill*         0x0000000008002436        0x2 
 .text._free_r  0x0000000008002438       0x88 /Users/davide/Documents/NQM_WORK/Agritech/gcc-arm-none-eabi-4_8-2014q1/bin/../lib/gcc/arm-none-eabi/4.8.3/../../../../arm-none-eabi/lib/armv7e-m/libc_s.a(lib_a-nano-freer.o)
                0x0000000008002438                _free_r
 .text._malloc_r
                0x00000000080024c0       0xa8 /Users/davide/Documents/NQM_WORK/Agritech/gcc-arm-none-eabi-4_8-2014q1/bin/../lib/gcc/arm-none-eabi/4.8.3/../../../../arm-none-eabi/lib/armv7e-m/libc_s.a(lib_a-nano-mallocr.o)
                0x00000000080024c0                _malloc_r
 .text._realloc_r
                0x0000000008002568       0x4c /Users/davide/Documents/NQM_WORK/Agritech/gcc-arm-none-eabi-4_8-2014q1/bin/../lib/gcc/arm-none-eabi/4.8.3/../../../../arm-none-eabi/lib/armv7e-m/libc_s.a(lib_a-nano-reallocr.o)
                0x0000000008002568                _realloc_r
 .text._sbrk_r  0x00000000080025b4       0x20 /Users/davide/Documents/NQM_WORK/Agritech/gcc-arm-none-eabi-4_8-2014q1/bin/../lib/gcc/arm-none-eabi/4.8.3/../../../../arm-none-eabi/lib/armv7e-m/libc_s.a(lib_a-sbrkr.o)
                0x00000000080025b4                _sbrk_r
 .text.__sread  0x00000000080025d4       0x22 /Users/davide/Documents/NQM_WORK/Agritech/gcc-arm-none-eabi-4_8-2014q1/bin/../lib/gcc/arm-none-eabi/4.8.3/../../../../arm-none-eabi/lib/armv7e-m/libc_s.a(lib_a-stdio.o)
                0x00000000080025d4                __sread
 .text.__swrite
                0x00000000080025f6       0x38 /Users/davide/Documents/NQM_WORK/Agritech/gcc-arm-none-eabi-4_8-2014q1/bin/../lib/gcc/arm-none-eabi/4.8.3/../../../../arm-none-eabi/lib/armv7e-m/libc_s.a(lib_a-stdio.o)
                0x00000000080025f6                __swrite
 .text.__sseek  0x000000000800262e       0x24 /Users/davide/Documents/NQM_WORK/Agritech/gcc-arm-none-eabi-4_8-2014q1/bin/../lib/gcc/arm-none-eabi/4.8.3/../../../../arm-none-eabi/lib/armv7e-m/libc_s.a(lib_a-stdio.o)
                0x000000000800262e                __sseek
 .text.__sclose
                0x0000000008002652        0x8 /Users/davide/Documents/NQM_WORK/Agritech/gcc-arm-none-eabi-4_8-2014q1/bin/../lib/gcc/arm-none-eabi/4.8.3/../../../../arm-none-eabi/lib/armv7e-m/libc_s.a(lib_a-stdio.o)
                0x0000000008002652                __sclose
 .text.strlen   0x000000000800265a       0x10 /Users/davide/Documents/NQM_WORK/Agritech/gcc-arm-none-eabi-4_8-2014q1/bin/../lib/gcc/arm-none-eabi/4.8.3/../../../../arm-none-eabi/lib/armv7e-m/libc_s.a(lib_a-strlen.o)
                0x000000000800265a                strlen
 .text.__ssputs_r
                0x000000000800266a       0xb8 /Users/davide/Documents/NQM_WORK/Agritech/gcc-arm-none-eabi-4_8-2014q1/bin/../lib/gcc/arm-none-eabi/4.8.3/../../../../arm-none-eabi/lib/armv7e-m/libc_s.a(lib_a-svfprintf.o)
                0x000000000800266a                __ssputs_r
 *fill*         0x0000000008002722        0x2 
 .text._svfprintf_r
                0x0000000008002724      0x1dc /Users/davide/Documents/NQM_WORK/Agritech/gcc-arm-none-eabi-4_8-2014q1/bin/../lib/gcc/arm-none-eabi/4.8.3/../../../../arm-none-eabi/lib/armv7e-m/libc_s.a(lib_a-svfprintf.o)
                0x0000000008002724                _svfprintf_r
                0x0000000008002724                _svfiprintf_r
 .text._write_r
                0x0000000008002900       0x24 /Users/davide/Documents/NQM_WORK/Agritech/gcc-arm-none-eabi-4_8-2014q1/bin/../lib/gcc/arm-none-eabi/4.8.3/../../../../arm-none-eabi/lib/armv7e-m/libc_s.a(lib_a-writer.o)
                0x0000000008002900                _write_r
 .text._close_r
                0x0000000008002924       0x20 /Users/davide/Documents/NQM_WORK/Agritech/gcc-arm-none-eabi-4_8-2014q1/bin/../lib/gcc/arm-none-eabi/4.8.3/../../../../arm-none-eabi/lib/armv7e-m/libc_s.a(lib_a-closer.o)
                0x0000000008002924                _close_r
 .text._fstat_r
                0x0000000008002944       0x24 /Users/davide/Documents/NQM_WORK/Agritech/gcc-arm-none-eabi-4_8-2014q1/bin/../lib/gcc/arm-none-eabi/4.8.3/../../../../arm-none-eabi/lib/armv7e-m/libc_s.a(lib_a-fstatr.o)
                0x0000000008002944                _fstat_r
 .text._isatty_r
                0x0000000008002968       0x20 /Users/davide/Documents/NQM_WORK/Agritech/gcc-arm-none-eabi-4_8-2014q1/bin/../lib/gcc/arm-none-eabi/4.8.3/../../../../arm-none-eabi/lib/armv7e-m/libc_s.a(lib_a-isattyr.o)
                0x0000000008002968                _isatty_r
 .text._lseek_r
                0x0000000008002988       0x24 /Users/davide/Documents/NQM_WORK/Agritech/gcc-arm-none-eabi-4_8-2014q1/bin/../lib/gcc/arm-none-eabi/4.8.3/../../../../arm-none-eabi/lib/armv7e-m/libc_s.a(lib_a-lseekr.o)
                0x0000000008002988                _lseek_r
 .text._malloc_usable_size_r
                0x00000000080029ac       0x12 /Users/davide/Documents/NQM_WORK/Agritech/gcc-arm-none-eabi-4_8-2014q1/bin/../lib/gcc/arm-none-eabi/4.8.3/../../../../arm-none-eabi/lib/armv7e-m/libc_s.a(lib_a-nano-msizer.o)
                0x00000000080029ac                _malloc_usable_size_r
 *fill*         0x00000000080029be        0x2 
 .text._read_r  0x00000000080029c0       0x24 /Users/davide/Documents/NQM_WORK/Agritech/gcc-arm-none-eabi-4_8-2014q1/bin/../lib/gcc/arm-none-eabi/4.8.3/../../../../arm-none-eabi/lib/armv7e-m/libc_s.a(lib_a-readr.o)
                0x00000000080029c0                _read_r
 .text._close   0x00000000080029e4       0x10 /Users/davide/Documents/NQM_WORK/Agritech/gcc-arm-none-eabi-4_8-2014q1/bin/../lib/gcc/arm-none-eabi/4.8.3/../../../../arm-none-eabi/lib/armv7e-m/libnosys.a(close.o)
                0x00000000080029e4                _close
 .text._fstat   0x00000000080029f4       0x10 /Users/davide/Documents/NQM_WORK/Agritech/gcc-arm-none-eabi-4_8-2014q1/bin/../lib/gcc/arm-none-eabi/4.8.3/../../../../arm-none-eabi/lib/armv7e-m/libnosys.a(fstat.o)
                0x00000000080029f4                _fstat
 .text._isatty  0x0000000008002a04       0x10 /Users/davide/Documents/NQM_WORK/Agritech/gcc-arm-none-eabi-4_8-2014q1/bin/../lib/gcc/arm-none-eabi/4.8.3/../../../../arm-none-eabi/lib/armv7e-m/libnosys.a(isatty.o)
                0x0000000008002a04                _isatty
 .text._lseek   0x0000000008002a14       0x10 /Users/davide/Documents/NQM_WORK/Agritech/gcc-arm-none-eabi-4_8-2014q1/bin/../lib/gcc/arm-none-eabi/4.8.3/../../../../arm-none-eabi/lib/armv7e-m/libnosys.a(lseek.o)
                0x0000000008002a14                _lseek
 .text._read    0x0000000008002a24       0x10 /Users/davide/Documents/NQM_WORK/Agritech/gcc-arm-none-eabi-4_8-2014q1/bin/../lib/gcc/arm-none-eabi/4.8.3/../../../../arm-none-eabi/lib/armv7e-m/libnosys.a(read.o)
                0x0000000008002a24                _read
 .text._sbrk    0x0000000008002a34       0x34 /Users/davide/Documents/NQM_WORK/Agritech/gcc-arm-none-eabi-4_8-2014q1/bin/../lib/gcc/arm-none-eabi/4.8.3/../../../../arm-none-eabi/lib/armv7e-m/libnosys.a(sbrk.o)
                0x0000000008002a34                _sbrk
 .text._write   0x0000000008002a68       0x10 /Users/davide/Documents/NQM_WORK/Agritech/gcc-arm-none-eabi-4_8-2014q1/bin/../lib/gcc/arm-none-eabi/4.8.3/../../../../arm-none-eabi/lib/armv7e-m/libnosys.a(write.o)
                0x0000000008002a68                _write
 *(.rodata)
 .rodata        0x0000000008002a78      0x200 /Users/davide/Documents/NQM_WORK/Agritech/stm32f4/build/crc16.o
 *(.rodata*)
 .rodata.str1.4
                0x0000000008002c78       0x3c /Users/davide/Documents/NQM_WORK/Agritech/stm32f4/build/main.bak2.o
                                         0x40 (size before relaxing)
 .rodata.str1.1
                0x0000000008002cb4       0x11 /Users/davide/Documents/NQM_WORK/Agritech/gcc-arm-none-eabi-4_8-2014q1/bin/../lib/gcc/arm-none-eabi/4.8.3/../../../../arm-none-eabi/lib/armv7e-m/libc_s.a(lib_a-vfprintf.o)
 .rodata.str1.1
                0x0000000008002cc5       0x22 /Users/davide/Documents/NQM_WORK/Agritech/gcc-arm-none-eabi-4_8-2014q1/bin/../lib/gcc/arm-none-eabi/4.8.3/../../../../arm-none-eabi/lib/armv7e-m/libc_s.a(lib_a-vfprintf_i.o)
 *fill*         0x0000000008002ce7        0x1 
 .rodata.__sf_fake_stdin
                0x0000000008002ce8       0x20 /Users/davide/Documents/NQM_WORK/Agritech/gcc-arm-none-eabi-4_8-2014q1/bin/../lib/gcc/arm-none-eabi/4.8.3/../../../../arm-none-eabi/lib/armv7e-m/libc_s.a(lib_a-findfp.o)
                0x0000000008002ce8                __sf_fake_stdin
 .rodata.__sf_fake_stdout
                0x0000000008002d08       0x20 /Users/davide/Documents/NQM_WORK/Agritech/gcc-arm-none-eabi-4_8-2014q1/bin/../lib/gcc/arm-none-eabi/4.8.3/../../../../arm-none-eabi/lib/armv7e-m/libc_s.a(lib_a-findfp.o)
                0x0000000008002d08                __sf_fake_stdout
 .rodata.__sf_fake_stderr
                0x0000000008002d28       0x20 /Users/davide/Documents/NQM_WORK/Agritech/gcc-arm-none-eabi-4_8-2014q1/bin/../lib/gcc/arm-none-eabi/4.8.3/../../../../arm-none-eabi/lib/armv7e-m/libc_s.a(lib_a-findfp.o)
                0x0000000008002d28                __sf_fake_stderr
 .rodata.str1.1
                0x0000000008002d48        0x2 /Users/davide/Documents/NQM_WORK/Agritech/gcc-arm-none-eabi-4_8-2014q1/bin/../lib/gcc/arm-none-eabi/4.8.3/../../../../arm-none-eabi/lib/armv7e-m/libc_s.a(lib_a-impure.o)
 *fill*         0x0000000008002d4a        0x2 
 .rodata._global_impure_ptr
                0x0000000008002d4c        0x4 /Users/davide/Documents/NQM_WORK/Agritech/gcc-arm-none-eabi-4_8-2014q1/bin/../lib/gcc/arm-none-eabi/4.8.3/../../../../arm-none-eabi/lib/armv7e-m/libc_s.a(lib_a-impure.o)
                0x0000000008002d4c                _global_impure_ptr
 .rodata.str1.1
                0x0000000000000000       0x11 /Users/davide/Documents/NQM_WORK/Agritech/gcc-arm-none-eabi-4_8-2014q1/bin/../lib/gcc/arm-none-eabi/4.8.3/../../../../arm-none-eabi/lib/armv7e-m/libc_s.a(lib_a-svfprintf.o)
 *(.glue_7)
 .glue_7        0x0000000000000000        0x0 linker stubs
 *(.glue_7t)
 .glue_7t       0x0000000000000000        0x0 linker stubs
 *(.eh_frame)
 *(.init)
 *(.fini)
                0x0000000008002d50                . = ALIGN (0x4)
                0x0000000008002d50                _etext = .
                0x0000000008002d50                _exit = .

.vfp11_veneer   0x0000000008002d50        0x0
 .vfp11_veneer  0x0000000000000000        0x0 linker stubs

.v4_bx          0x0000000008002d50        0x0
 .v4_bx         0x0000000000000000        0x0 linker stubs

.iplt           0x0000000008002d50        0x0
 .iplt          0x0000000000000000        0x0 /Users/davide/Documents/NQM_WORK/Agritech/stm32f4/build/main.bak2.o

.rel.dyn        0x0000000008002d50        0x0
 .rel.iplt      0x0000000000000000        0x0 /Users/davide/Documents/NQM_WORK/Agritech/stm32f4/build/main.bak2.o

.ARM.extab
 *(.ARM.extab* .gnu.linkonce.armextab.*)

.ARM            0x0000000008002d50        0x0
                0x0000000008002d50                __exidx_start = .
 *(.ARM.exidx*)
                0x0000000008002d50                __exidx_end = .

.preinit_array  0x0000000008002d50        0x0
                0x0000000008002d50                PROVIDE (__preinit_array_start, .)
 *(.preinit_array*)
                0x0000000008002d50                PROVIDE (__preinit_array_end, .)

.init_array     0x0000000008002d50        0x0
                0x0000000008002d50                PROVIDE (__init_array_start, .)
 *(SORT(.init_array.*))
 *(.init_array*)
                0x0000000008002d50                PROVIDE (__init_array_end, .)

.fini_array     0x0000000008002d50        0x0
                0x0000000008002d50                PROVIDE (__fini_array_start, .)
 *(.fini_array*)
 *(SORT(.fini_array.*))
                0x0000000008002d50                PROVIDE (__fini_array_end, .)
                0x0000000008002d50                __sidata = .

.data           0x0000000020000000       0xf0 load address 0x0000000008002d50
                0x0000000020000000                . = ALIGN (0x4)
                0x0000000020000000                _sdata = .
                0x0000000020000000                __data_start__ = _sdata
 *(.data)
 .data          0x0000000020000000       0x14 /Users/davide/Documents/NQM_WORK/Agritech/stm32f4/build/system_stm32f4xx.o
                0x0000000020000000                AHBPrescTable
                0x0000000020000010                SystemCoreClock
 .data          0x0000000020000014       0x68 /Users/davide/Documents/NQM_WORK/Agritech/stm32f4/build/utility.o
                0x0000000020000014                DHT22_PIN
                0x0000000020000054                DHT_PORT
 .data          0x000000002000007c       0x10 /Users/davide/Documents/NQM_WORK/Agritech/stm32f4/lib/STM32F4xx_StdPeriph_Driver/libstdperiph.a(stm32f4xx_rcc.o)
 *(.data*)
 .data.impure_data
                0x000000002000008c       0x60 /Users/davide/Documents/NQM_WORK/Agritech/gcc-arm-none-eabi-4_8-2014q1/bin/../lib/gcc/arm-none-eabi/4.8.3/../../../../arm-none-eabi/lib/armv7e-m/libc_s.a(lib_a-impure.o)
 .data._impure_ptr
                0x00000000200000ec        0x4 /Users/davide/Documents/NQM_WORK/Agritech/gcc-arm-none-eabi-4_8-2014q1/bin/../lib/gcc/arm-none-eabi/4.8.3/../../../../arm-none-eabi/lib/armv7e-m/libc_s.a(lib_a-impure.o)
                0x00000000200000ec                _impure_ptr
                0x00000000200000f0                . = ALIGN (0x4)
                0x00000000200000f0                _edata = .
                0x00000000200000f0                __data_end__ = _edata

.igot.plt       0x00000000200000f0        0x0 load address 0x0000000008002e40
 .igot.plt      0x0000000000000000        0x0 /Users/davide/Documents/NQM_WORK/Agritech/stm32f4/build/main.bak2.o
                0x00000000200000f0                . = ALIGN (0x4)

.bss            0x00000000200000f0       0x58 load address 0x0000000008002e40
                0x00000000200000f0                _sbss = .
                0x00000000200000f0                __bss_start__ = _sbss
 *(.bss)
 .bss           0x00000000200000f0        0x1 /Users/davide/Documents/NQM_WORK/Agritech/stm32f4/build/main.bak2.o
 *fill*         0x00000000200000f1        0x3 
 .bss           0x00000000200000f4        0x8 /Users/davide/Documents/NQM_WORK/Agritech/stm32f4/build/timer.o
 *(.bss*)
 .bss.__malloc_sbrk_start
                0x00000000200000fc        0x4 /Users/davide/Documents/NQM_WORK/Agritech/gcc-arm-none-eabi-4_8-2014q1/bin/../lib/gcc/arm-none-eabi/4.8.3/../../../../arm-none-eabi/lib/armv7e-m/libc_s.a(lib_a-nano-mallocr.o)
                0x00000000200000fc                __malloc_sbrk_start
 .bss.__malloc_free_list
                0x0000000020000100        0x4 /Users/davide/Documents/NQM_WORK/Agritech/gcc-arm-none-eabi-4_8-2014q1/bin/../lib/gcc/arm-none-eabi/4.8.3/../../../../arm-none-eabi/lib/armv7e-m/libc_s.a(lib_a-nano-mallocr.o)
                0x0000000020000100                __malloc_free_list
 .bss.heap_end.4243
                0x0000000020000104        0x4 /Users/davide/Documents/NQM_WORK/Agritech/gcc-arm-none-eabi-4_8-2014q1/bin/../lib/gcc/arm-none-eabi/4.8.3/../../../../arm-none-eabi/lib/armv7e-m/libnosys.a(sbrk.o)
 *(COMMON)
 COMMON         0x0000000020000108       0x33 /Users/davide/Documents/NQM_WORK/Agritech/stm32f4/build/main.bak2.o
                0x0000000020000108                data2
                0x0000000020000110                data4
                0x0000000020000118                usTicks
                0x000000002000011c                testID
                0x000000002000011d                CMD
                0x0000000020000120                data
                0x0000000020000128                data3
                0x0000000020000130                received_string
 *fill*         0x000000002000013b        0x1 
 COMMON         0x000000002000013c        0x8 /Users/davide/Documents/NQM_WORK/Agritech/stm32f4/build/dht22.o
                0x000000002000013c                GPIO_DHT
 COMMON         0x0000000020000144        0x4 /Users/davide/Documents/NQM_WORK/Agritech/gcc-arm-none-eabi-4_8-2014q1/bin/../lib/gcc/arm-none-eabi/4.8.3/../../../../arm-none-eabi/lib/armv7e-m/libc_s.a(lib_a-reent.o)
                0x0000000020000144                errno
                0x0000000020000148                . = ALIGN (0x4)
                0x0000000020000148                _ebss = .
                0x0000000020000148                __bss_end__ = _ebss

._user_heap_stack
                0x0000000020000148      0x400 load address 0x0000000008002e98
                0x0000000020000148                . = ALIGN (0x4)
                0x0000000020000148                PROVIDE (end, .)
                0x0000000020000148                PROVIDE (_end, .)
                0x0000000020000148                . = (. + _Min_Heap_Size)
                0x0000000020000548                . = (. + _Min_Stack_Size)
 *fill*         0x0000000020000148      0x400 
                0x0000000020000548                . = ALIGN (0x4)
OUTPUT(/Users/davide/Documents/NQM_WORK/Agritech/stm32f4/build/dht22.elf elf32-littlearm)

.debug_info     0x0000000000000000     0x588c
 .debug_info    0x0000000000000000     0x15f9 /Users/davide/Documents/NQM_WORK/Agritech/stm32f4/build/main.bak2.o
 .debug_info    0x00000000000015f9      0x11d /Users/davide/Documents/NQM_WORK/Agritech/stm32f4/build/startup_stm32f4xx.o
 .debug_info    0x0000000000001716      0x5e2 /Users/davide/Documents/NQM_WORK/Agritech/stm32f4/build/system_stm32f4xx.o
 .debug_info    0x0000000000001cf8      0x768 /Users/davide/Documents/NQM_WORK/Agritech/stm32f4/build/dht22.o
 .debug_info    0x0000000000002460      0x769 /Users/davide/Documents/NQM_WORK/Agritech/stm32f4/build/timer.o
 .debug_info    0x0000000000002bc9      0x4ad /Users/davide/Documents/NQM_WORK/Agritech/stm32f4/build/utility.o
 .debug_info    0x0000000000003076       0xbe /Users/davide/Documents/NQM_WORK/Agritech/stm32f4/build/crc16.o
 .debug_info    0x0000000000003134      0x526 /Users/davide/Documents/NQM_WORK/Agritech/stm32f4/lib/STM32F4xx_StdPeriph_Driver/libstdperiph.a(misc.o)
 .debug_info    0x000000000000365a      0xe96 /Users/davide/Documents/NQM_WORK/Agritech/stm32f4/lib/STM32F4xx_StdPeriph_Driver/libstdperiph.a(stm32f4xx_rcc.o)
 .debug_info    0x00000000000044f0      0x819 /Users/davide/Documents/NQM_WORK/Agritech/stm32f4/lib/STM32F4xx_StdPeriph_Driver/libstdperiph.a(stm32f4xx_gpio.o)
 .debug_info    0x0000000000004d09      0xb83 /Users/davide/Documents/NQM_WORK/Agritech/stm32f4/lib/STM32F4xx_StdPeriph_Driver/libstdperiph.a(stm32f4xx_usart.o)

.debug_abbrev   0x0000000000000000     0x1428
 .debug_abbrev  0x0000000000000000      0x3d6 /Users/davide/Documents/NQM_WORK/Agritech/stm32f4/build/main.bak2.o
 .debug_abbrev  0x00000000000003d6       0xe5 /Users/davide/Documents/NQM_WORK/Agritech/stm32f4/build/startup_stm32f4xx.o
 .debug_abbrev  0x00000000000004bb      0x145 /Users/davide/Documents/NQM_WORK/Agritech/stm32f4/build/system_stm32f4xx.o
 .debug_abbrev  0x0000000000000600      0x21a /Users/davide/Documents/NQM_WORK/Agritech/stm32f4/build/dht22.o
 .debug_abbrev  0x000000000000081a      0x1d3 /Users/davide/Documents/NQM_WORK/Agritech/stm32f4/build/timer.o
 .debug_abbrev  0x00000000000009ed      0x200 /Users/davide/Documents/NQM_WORK/Agritech/stm32f4/build/utility.o
 .debug_abbrev  0x0000000000000bed       0xa9 /Users/davide/Documents/NQM_WORK/Agritech/stm32f4/build/crc16.o
 .debug_abbrev  0x0000000000000c96      0x156 /Users/davide/Documents/NQM_WORK/Agritech/stm32f4/lib/STM32F4xx_StdPeriph_Driver/libstdperiph.a(misc.o)
 .debug_abbrev  0x0000000000000dec      0x257 /Users/davide/Documents/NQM_WORK/Agritech/stm32f4/lib/STM32F4xx_StdPeriph_Driver/libstdperiph.a(stm32f4xx_rcc.o)
 .debug_abbrev  0x0000000000001043      0x1f8 /Users/davide/Documents/NQM_WORK/Agritech/stm32f4/lib/STM32F4xx_StdPeriph_Driver/libstdperiph.a(stm32f4xx_gpio.o)
 .debug_abbrev  0x000000000000123b      0x1ed /Users/davide/Documents/NQM_WORK/Agritech/stm32f4/lib/STM32F4xx_StdPeriph_Driver/libstdperiph.a(stm32f4xx_usart.o)

.debug_loc      0x0000000000000000     0x256e
 .debug_loc     0x0000000000000000      0x213 /Users/davide/Documents/NQM_WORK/Agritech/stm32f4/build/main.bak2.o
 .debug_loc     0x0000000000000213       0x5e /Users/davide/Documents/NQM_WORK/Agritech/stm32f4/build/startup_stm32f4xx.o
 .debug_loc     0x0000000000000271      0x144 /Users/davide/Documents/NQM_WORK/Agritech/stm32f4/build/system_stm32f4xx.o
 .debug_loc     0x00000000000003b5      0x44d /Users/davide/Documents/NQM_WORK/Agritech/stm32f4/build/dht22.o
 .debug_loc     0x0000000000000802       0x64 /Users/davide/Documents/NQM_WORK/Agritech/stm32f4/build/timer.o
 .debug_loc     0x0000000000000866      0x27f /Users/davide/Documents/NQM_WORK/Agritech/stm32f4/build/utility.o
 .debug_loc     0x0000000000000ae5       0xb8 /Users/davide/Documents/NQM_WORK/Agritech/stm32f4/build/crc16.o
 .debug_loc     0x0000000000000b9d      0x15d /Users/davide/Documents/NQM_WORK/Agritech/stm32f4/lib/STM32F4xx_StdPeriph_Driver/libstdperiph.a(misc.o)
 .debug_loc     0x0000000000000cfa      0xd25 /Users/davide/Documents/NQM_WORK/Agritech/stm32f4/lib/STM32F4xx_StdPeriph_Driver/libstdperiph.a(stm32f4xx_rcc.o)
 .debug_loc     0x0000000000001a1f      0x3b8 /Users/davide/Documents/NQM_WORK/Agritech/stm32f4/lib/STM32F4xx_StdPeriph_Driver/libstdperiph.a(stm32f4xx_gpio.o)
 .debug_loc     0x0000000000001dd7      0x797 /Users/davide/Documents/NQM_WORK/Agritech/stm32f4/lib/STM32F4xx_StdPeriph_Driver/libstdperiph.a(stm32f4xx_usart.o)

.debug_aranges  0x0000000000000000      0x168
 .debug_aranges
                0x0000000000000000       0x28 /Users/davide/Documents/NQM_WORK/Agritech/stm32f4/build/main.bak2.o
 .debug_aranges
                0x0000000000000028       0x20 /Users/davide/Documents/NQM_WORK/Agritech/stm32f4/build/startup_stm32f4xx.o
 .debug_aranges
                0x0000000000000048       0x20 /Users/davide/Documents/NQM_WORK/Agritech/stm32f4/build/system_stm32f4xx.o
 .debug_aranges
                0x0000000000000068       0x20 /Users/davide/Documents/NQM_WORK/Agritech/stm32f4/build/dht22.o
 .debug_aranges
                0x0000000000000088       0x20 /Users/davide/Documents/NQM_WORK/Agritech/stm32f4/build/timer.o
 .debug_aranges
                0x00000000000000a8       0x20 /Users/davide/Documents/NQM_WORK/Agritech/stm32f4/build/utility.o
 .debug_aranges
                0x00000000000000c8       0x20 /Users/davide/Documents/NQM_WORK/Agritech/stm32f4/build/crc16.o
 .debug_aranges
                0x00000000000000e8       0x20 /Users/davide/Documents/NQM_WORK/Agritech/stm32f4/lib/STM32F4xx_StdPeriph_Driver/libstdperiph.a(misc.o)
 .debug_aranges
                0x0000000000000108       0x20 /Users/davide/Documents/NQM_WORK/Agritech/stm32f4/lib/STM32F4xx_StdPeriph_Driver/libstdperiph.a(stm32f4xx_rcc.o)
 .debug_aranges
                0x0000000000000128       0x20 /Users/davide/Documents/NQM_WORK/Agritech/stm32f4/lib/STM32F4xx_StdPeriph_Driver/libstdperiph.a(stm32f4xx_gpio.o)
 .debug_aranges
                0x0000000000000148       0x20 /Users/davide/Documents/NQM_WORK/Agritech/stm32f4/lib/STM32F4xx_StdPeriph_Driver/libstdperiph.a(stm32f4xx_usart.o)

.debug_ranges   0x0000000000000000      0x108
 .debug_ranges  0x0000000000000000       0x68 /Users/davide/Documents/NQM_WORK/Agritech/stm32f4/build/main.bak2.o
 .debug_ranges  0x0000000000000068       0x18 /Users/davide/Documents/NQM_WORK/Agritech/stm32f4/build/system_stm32f4xx.o
 .debug_ranges  0x0000000000000080       0x20 /Users/davide/Documents/NQM_WORK/Agritech/stm32f4/build/dht22.o
 .debug_ranges  0x00000000000000a0       0x38 /Users/davide/Documents/NQM_WORK/Agritech/stm32f4/build/timer.o
 .debug_ranges  0x00000000000000d8       0x18 /Users/davide/Documents/NQM_WORK/Agritech/stm32f4/build/utility.o
 .debug_ranges  0x00000000000000f0       0x18 /Users/davide/Documents/NQM_WORK/Agritech/stm32f4/lib/STM32F4xx_StdPeriph_Driver/libstdperiph.a(stm32f4xx_rcc.o)

.debug_line     0x0000000000000000     0x19aa
 .debug_line    0x0000000000000000      0x49e /Users/davide/Documents/NQM_WORK/Agritech/stm32f4/build/main.bak2.o
 .debug_line    0x000000000000049e       0x5c /Users/davide/Documents/NQM_WORK/Agritech/stm32f4/build/startup_stm32f4xx.o
 .debug_line    0x00000000000004fa      0x223 /Users/davide/Documents/NQM_WORK/Agritech/stm32f4/build/system_stm32f4xx.o
 .debug_line    0x000000000000071d      0x2e7 /Users/davide/Documents/NQM_WORK/Agritech/stm32f4/build/dht22.o
 .debug_line    0x0000000000000a04      0x266 /Users/davide/Documents/NQM_WORK/Agritech/stm32f4/build/timer.o
 .debug_line    0x0000000000000c6a      0x24d /Users/davide/Documents/NQM_WORK/Agritech/stm32f4/build/utility.o
 .debug_line    0x0000000000000eb7       0x56 /Users/davide/Documents/NQM_WORK/Agritech/stm32f4/build/crc16.o
 .debug_line    0x0000000000000f0d      0x1a7 /Users/davide/Documents/NQM_WORK/Agritech/stm32f4/lib/STM32F4xx_StdPeriph_Driver/libstdperiph.a(misc.o)
 .debug_line    0x00000000000010b4      0x338 /Users/davide/Documents/NQM_WORK/Agritech/stm32f4/lib/STM32F4xx_StdPeriph_Driver/libstdperiph.a(stm32f4xx_rcc.o)
 .debug_line    0x00000000000013ec      0x284 /Users/davide/Documents/NQM_WORK/Agritech/stm32f4/lib/STM32F4xx_StdPeriph_Driver/libstdperiph.a(stm32f4xx_gpio.o)
 .debug_line    0x0000000000001670      0x33a /Users/davide/Documents/NQM_WORK/Agritech/stm32f4/lib/STM32F4xx_StdPeriph_Driver/libstdperiph.a(stm32f4xx_usart.o)

.debug_str      0x0000000000000000     0x1c88
 .debug_str     0x0000000000000000      0xca1 /Users/davide/Documents/NQM_WORK/Agritech/stm32f4/build/main.bak2.o
                                        0xd44 (size before relaxing)
 .debug_str     0x0000000000000ca1       0xa4 /Users/davide/Documents/NQM_WORK/Agritech/stm32f4/build/startup_stm32f4xx.o
                                        0x185 (size before relaxing)
 .debug_str     0x0000000000000d45      0x160 /Users/davide/Documents/NQM_WORK/Agritech/stm32f4/build/system_stm32f4xx.o
                                        0x3da (size before relaxing)
 .debug_str     0x0000000000000ea5       0xd6 /Users/davide/Documents/NQM_WORK/Agritech/stm32f4/build/dht22.o
                                        0x473 (size before relaxing)
 .debug_str     0x0000000000000f7b       0x50 /Users/davide/Documents/NQM_WORK/Agritech/stm32f4/build/timer.o
                                        0x82b (size before relaxing)
 .debug_str     0x0000000000000fcb       0x60 /Users/davide/Documents/NQM_WORK/Agritech/stm32f4/build/utility.o
                                        0x29f (size before relaxing)
 .debug_str     0x000000000000102b       0x15 /Users/davide/Documents/NQM_WORK/Agritech/stm32f4/build/crc16.o
                                        0x106 (size before relaxing)
 .debug_str     0x0000000000001040      0x1d8 /Users/davide/Documents/NQM_WORK/Agritech/stm32f4/lib/STM32F4xx_StdPeriph_Driver/libstdperiph.a(misc.o)
                                        0x3f9 (size before relaxing)
 .debug_str     0x0000000000001218      0x649 /Users/davide/Documents/NQM_WORK/Agritech/stm32f4/lib/STM32F4xx_StdPeriph_Driver/libstdperiph.a(stm32f4xx_rcc.o)
                                        0x9b5 (size before relaxing)
 .debug_str     0x0000000000001861      0x10b /Users/davide/Documents/NQM_WORK/Agritech/stm32f4/lib/STM32F4xx_StdPeriph_Driver/libstdperiph.a(stm32f4xx_gpio.o)
                                        0x4e7 (size before relaxing)
 .debug_str     0x000000000000196c      0x31c /Users/davide/Documents/NQM_WORK/Agritech/stm32f4/lib/STM32F4xx_StdPeriph_Driver/libstdperiph.a(stm32f4xx_usart.o)
                                        0x6ef (size before relaxing)

.comment        0x0000000000000000       0x70
 .comment       0x0000000000000000       0x70 /Users/davide/Documents/NQM_WORK/Agritech/stm32f4/build/main.bak2.o
                                         0x71 (size before relaxing)
 .comment       0x0000000000000000       0x71 /Users/davide/Documents/NQM_WORK/Agritech/stm32f4/build/startup_stm32f4xx.o
 .comment       0x0000000000000000       0x71 /Users/davide/Documents/NQM_WORK/Agritech/stm32f4/build/system_stm32f4xx.o
 .comment       0x0000000000000000       0x71 /Users/davide/Documents/NQM_WORK/Agritech/stm32f4/build/dht22.o
 .comment       0x0000000000000000       0x71 /Users/davide/Documents/NQM_WORK/Agritech/stm32f4/build/timer.o
 .comment       0x0000000000000000       0x71 /Users/davide/Documents/NQM_WORK/Agritech/stm32f4/build/utility.o
 .comment       0x0000000000000000       0x71 /Users/davide/Documents/NQM_WORK/Agritech/stm32f4/build/crc16.o
 .comment       0x0000000000000000       0x71 /Users/davide/Documents/NQM_WORK/Agritech/stm32f4/lib/STM32F4xx_StdPeriph_Driver/libstdperiph.a(misc.o)
 .comment       0x0000000000000000       0x71 /Users/davide/Documents/NQM_WORK/Agritech/stm32f4/lib/STM32F4xx_StdPeriph_Driver/libstdperiph.a(stm32f4xx_rcc.o)
 .comment       0x0000000000000000       0x71 /Users/davide/Documents/NQM_WORK/Agritech/stm32f4/lib/STM32F4xx_StdPeriph_Driver/libstdperiph.a(stm32f4xx_gpio.o)
 .comment       0x0000000000000000       0x71 /Users/davide/Documents/NQM_WORK/Agritech/stm32f4/lib/STM32F4xx_StdPeriph_Driver/libstdperiph.a(stm32f4xx_usart.o)

.ARM.attributes
                0x0000000000000000       0x31
 .ARM.attributes
                0x0000000000000000       0x33 /Users/davide/Documents/NQM_WORK/Agritech/stm32f4/build/main.bak2.o
 .ARM.attributes
                0x0000000000000033       0x33 /Users/davide/Documents/NQM_WORK/Agritech/stm32f4/build/startup_stm32f4xx.o
 .ARM.attributes
                0x0000000000000066       0x33 /Users/davide/Documents/NQM_WORK/Agritech/stm32f4/build/system_stm32f4xx.o
 .ARM.attributes
                0x0000000000000099       0x33 /Users/davide/Documents/NQM_WORK/Agritech/stm32f4/build/dht22.o
 .ARM.attributes
                0x00000000000000cc       0x33 /Users/davide/Documents/NQM_WORK/Agritech/stm32f4/build/timer.o
 .ARM.attributes
                0x00000000000000ff       0x33 /Users/davide/Documents/NQM_WORK/Agritech/stm32f4/build/utility.o
 .ARM.attributes
                0x0000000000000132       0x33 /Users/davide/Documents/NQM_WORK/Agritech/stm32f4/build/crc16.o
 .ARM.attributes
                0x0000000000000165       0x33 /Users/davide/Documents/NQM_WORK/Agritech/stm32f4/lib/STM32F4xx_StdPeriph_Driver/libstdperiph.a(misc.o)
 .ARM.attributes
                0x0000000000000198       0x33 /Users/davide/Documents/NQM_WORK/Agritech/stm32f4/lib/STM32F4xx_StdPeriph_Driver/libstdperiph.a(stm32f4xx_rcc.o)
 .ARM.attributes
                0x00000000000001cb       0x33 /Users/davide/Documents/NQM_WORK/Agritech/stm32f4/lib/STM32F4xx_StdPeriph_Driver/libstdperiph.a(stm32f4xx_gpio.o)
 .ARM.attributes
                0x00000000000001fe       0x33 /Users/davide/Documents/NQM_WORK/Agritech/stm32f4/lib/STM32F4xx_StdPeriph_Driver/libstdperiph.a(stm32f4xx_usart.o)
 .ARM.attributes
                0x0000000000000231       0x2e /Users/davide/Documents/NQM_WORK/Agritech/gcc-arm-none-eabi-4_8-2014q1/bin/../lib/gcc/arm-none-eabi/4.8.3/../../../../arm-none-eabi/lib/armv7e-m/libc_s.a(lib_a-memset.o)
 .ARM.attributes
                0x000000000000025f       0x2e /Users/davide/Documents/NQM_WORK/Agritech/gcc-arm-none-eabi-4_8-2014q1/bin/../lib/gcc/arm-none-eabi/4.8.3/../../../../arm-none-eabi/lib/armv7e-m/libc_s.a(lib_a-printf.o)
 .ARM.attributes
                0x000000000000028d       0x2e /Users/davide/Documents/NQM_WORK/Agritech/gcc-arm-none-eabi-4_8-2014q1/bin/../lib/gcc/arm-none-eabi/4.8.3/../../../../arm-none-eabi/lib/armv7e-m/libc_s.a(lib_a-vfprintf.o)
 .ARM.attributes
                0x00000000000002bb       0x2e /Users/davide/Documents/NQM_WORK/Agritech/gcc-arm-none-eabi-4_8-2014q1/bin/../lib/gcc/arm-none-eabi/4.8.3/../../../../arm-none-eabi/lib/armv7e-m/libc_s.a(lib_a-vfprintf_i.o)
 .ARM.attributes
                0x00000000000002e9       0x2e /Users/davide/Documents/NQM_WORK/Agritech/gcc-arm-none-eabi-4_8-2014q1/bin/../lib/gcc/arm-none-eabi/4.8.3/../../../../arm-none-eabi/lib/armv7e-m/libc_s.a(lib_a-vsprintf.o)
 .ARM.attributes
                0x0000000000000317       0x2e /Users/davide/Documents/NQM_WORK/Agritech/gcc-arm-none-eabi-4_8-2014q1/bin/../lib/gcc/arm-none-eabi/4.8.3/../../../../arm-none-eabi/lib/armv7e-m/libc_s.a(lib_a-wbuf.o)
 .ARM.attributes
                0x0000000000000345       0x2e /Users/davide/Documents/NQM_WORK/Agritech/gcc-arm-none-eabi-4_8-2014q1/bin/../lib/gcc/arm-none-eabi/4.8.3/../../../../arm-none-eabi/lib/armv7e-m/libc_s.a(lib_a-wsetup.o)
 .ARM.attributes
                0x0000000000000373       0x2e /Users/davide/Documents/NQM_WORK/Agritech/gcc-arm-none-eabi-4_8-2014q1/bin/../lib/gcc/arm-none-eabi/4.8.3/../../../../arm-none-eabi/lib/armv7e-m/libc_s.a(lib_a-fflush.o)
 .ARM.attributes
                0x00000000000003a1       0x2e /Users/davide/Documents/NQM_WORK/Agritech/gcc-arm-none-eabi-4_8-2014q1/bin/../lib/gcc/arm-none-eabi/4.8.3/../../../../arm-none-eabi/lib/armv7e-m/libc_s.a(lib_a-findfp.o)
 .ARM.attributes
                0x00000000000003cf       0x2e /Users/davide/Documents/NQM_WORK/Agritech/gcc-arm-none-eabi-4_8-2014q1/bin/../lib/gcc/arm-none-eabi/4.8.3/../../../../arm-none-eabi/lib/armv7e-m/libc_s.a(lib_a-impure.o)
 .ARM.attributes
                0x00000000000003fd       0x2e /Users/davide/Documents/NQM_WORK/Agritech/gcc-arm-none-eabi-4_8-2014q1/bin/../lib/gcc/arm-none-eabi/4.8.3/../../../../arm-none-eabi/lib/armv7e-m/libc_s.a(lib_a-makebuf.o)
 .ARM.attributes
                0x000000000000042b       0x2e /Users/davide/Documents/NQM_WORK/Agritech/gcc-arm-none-eabi-4_8-2014q1/bin/../lib/gcc/arm-none-eabi/4.8.3/../../../../arm-none-eabi/lib/armv7e-m/libc_s.a(lib_a-memchr-stub.o)
 .ARM.attributes
                0x0000000000000459       0x2e /Users/davide/Documents/NQM_WORK/Agritech/gcc-arm-none-eabi-4_8-2014q1/bin/../lib/gcc/arm-none-eabi/4.8.3/../../../../arm-none-eabi/lib/armv7e-m/libc_s.a(lib_a-memcpy-stub.o)
 .ARM.attributes
                0x0000000000000487       0x2e /Users/davide/Documents/NQM_WORK/Agritech/gcc-arm-none-eabi-4_8-2014q1/bin/../lib/gcc/arm-none-eabi/4.8.3/../../../../arm-none-eabi/lib/armv7e-m/libc_s.a(lib_a-memmove.o)
 .ARM.attributes
                0x00000000000004b5       0x2e /Users/davide/Documents/NQM_WORK/Agritech/gcc-arm-none-eabi-4_8-2014q1/bin/../lib/gcc/arm-none-eabi/4.8.3/../../../../arm-none-eabi/lib/armv7e-m/libc_s.a(lib_a-nano-freer.o)
 .ARM.attributes
                0x00000000000004e3       0x2e /Users/davide/Documents/NQM_WORK/Agritech/gcc-arm-none-eabi-4_8-2014q1/bin/../lib/gcc/arm-none-eabi/4.8.3/../../../../arm-none-eabi/lib/armv7e-m/libc_s.a(lib_a-nano-mallocr.o)
 .ARM.attributes
                0x0000000000000511       0x2e /Users/davide/Documents/NQM_WORK/Agritech/gcc-arm-none-eabi-4_8-2014q1/bin/../lib/gcc/arm-none-eabi/4.8.3/../../../../arm-none-eabi/lib/armv7e-m/libc_s.a(lib_a-nano-reallocr.o)
 .ARM.attributes
                0x000000000000053f       0x2e /Users/davide/Documents/NQM_WORK/Agritech/gcc-arm-none-eabi-4_8-2014q1/bin/../lib/gcc/arm-none-eabi/4.8.3/../../../../arm-none-eabi/lib/armv7e-m/libc_s.a(lib_a-sbrkr.o)
 .ARM.attributes
                0x000000000000056d       0x2e /Users/davide/Documents/NQM_WORK/Agritech/gcc-arm-none-eabi-4_8-2014q1/bin/../lib/gcc/arm-none-eabi/4.8.3/../../../../arm-none-eabi/lib/armv7e-m/libc_s.a(lib_a-stdio.o)
 .ARM.attributes
                0x000000000000059b       0x2e /Users/davide/Documents/NQM_WORK/Agritech/gcc-arm-none-eabi-4_8-2014q1/bin/../lib/gcc/arm-none-eabi/4.8.3/../../../../arm-none-eabi/lib/armv7e-m/libc_s.a(lib_a-strlen.o)
 .ARM.attributes
                0x00000000000005c9       0x2e /Users/davide/Documents/NQM_WORK/Agritech/gcc-arm-none-eabi-4_8-2014q1/bin/../lib/gcc/arm-none-eabi/4.8.3/../../../../arm-none-eabi/lib/armv7e-m/libc_s.a(lib_a-svfprintf.o)
 .ARM.attributes
                0x00000000000005f7       0x2e /Users/davide/Documents/NQM_WORK/Agritech/gcc-arm-none-eabi-4_8-2014q1/bin/../lib/gcc/arm-none-eabi/4.8.3/../../../../arm-none-eabi/lib/armv7e-m/libc_s.a(lib_a-writer.o)
 .ARM.attributes
                0x0000000000000625       0x2e /Users/davide/Documents/NQM_WORK/Agritech/gcc-arm-none-eabi-4_8-2014q1/bin/../lib/gcc/arm-none-eabi/4.8.3/../../../../arm-none-eabi/lib/armv7e-m/libc_s.a(lib_a-closer.o)
 .ARM.attributes
                0x0000000000000653       0x2e /Users/davide/Documents/NQM_WORK/Agritech/gcc-arm-none-eabi-4_8-2014q1/bin/../lib/gcc/arm-none-eabi/4.8.3/../../../../arm-none-eabi/lib/armv7e-m/libc_s.a(lib_a-fstatr.o)
 .ARM.attributes
                0x0000000000000681       0x2e /Users/davide/Documents/NQM_WORK/Agritech/gcc-arm-none-eabi-4_8-2014q1/bin/../lib/gcc/arm-none-eabi/4.8.3/../../../../arm-none-eabi/lib/armv7e-m/libc_s.a(lib_a-isattyr.o)
 .ARM.attributes
                0x00000000000006af       0x2e /Users/davide/Documents/NQM_WORK/Agritech/gcc-arm-none-eabi-4_8-2014q1/bin/../lib/gcc/arm-none-eabi/4.8.3/../../../../arm-none-eabi/lib/armv7e-m/libc_s.a(lib_a-lseekr.o)
 .ARM.attributes
                0x00000000000006dd       0x2e /Users/davide/Documents/NQM_WORK/Agritech/gcc-arm-none-eabi-4_8-2014q1/bin/../lib/gcc/arm-none-eabi/4.8.3/../../../../arm-none-eabi/lib/armv7e-m/libc_s.a(lib_a-nano-msizer.o)
 .ARM.attributes
                0x000000000000070b       0x2e /Users/davide/Documents/NQM_WORK/Agritech/gcc-arm-none-eabi-4_8-2014q1/bin/../lib/gcc/arm-none-eabi/4.8.3/../../../../arm-none-eabi/lib/armv7e-m/libc_s.a(lib_a-readr.o)
 .ARM.attributes
                0x0000000000000739       0x2e /Users/davide/Documents/NQM_WORK/Agritech/gcc-arm-none-eabi-4_8-2014q1/bin/../lib/gcc/arm-none-eabi/4.8.3/../../../../arm-none-eabi/lib/armv7e-m/libc_s.a(lib_a-reent.o)
 .ARM.attributes
                0x0000000000000767       0x2e /Users/davide/Documents/NQM_WORK/Agritech/gcc-arm-none-eabi-4_8-2014q1/bin/../lib/gcc/arm-none-eabi/4.8.3/../../../../arm-none-eabi/lib/armv7e-m/libnosys.a(close.o)
 .ARM.attributes
                0x0000000000000795       0x2e /Users/davide/Documents/NQM_WORK/Agritech/gcc-arm-none-eabi-4_8-2014q1/bin/../lib/gcc/arm-none-eabi/4.8.3/../../../../arm-none-eabi/lib/armv7e-m/libnosys.a(fstat.o)
 .ARM.attributes
                0x00000000000007c3       0x2e /Users/davide/Documents/NQM_WORK/Agritech/gcc-arm-none-eabi-4_8-2014q1/bin/../lib/gcc/arm-none-eabi/4.8.3/../../../../arm-none-eabi/lib/armv7e-m/libnosys.a(isatty.o)
 .ARM.attributes
                0x00000000000007f1       0x2e /Users/davide/Documents/NQM_WORK/Agritech/gcc-arm-none-eabi-4_8-2014q1/bin/../lib/gcc/arm-none-eabi/4.8.3/../../../../arm-none-eabi/lib/armv7e-m/libnosys.a(lseek.o)
 .ARM.attributes
                0x000000000000081f       0x2e /Users/davide/Documents/NQM_WORK/Agritech/gcc-arm-none-eabi-4_8-2014q1/bin/../lib/gcc/arm-none-eabi/4.8.3/../../../../arm-none-eabi/lib/armv7e-m/libnosys.a(read.o)
 .ARM.attributes
                0x000000000000084d       0x2e /Users/davide/Documents/NQM_WORK/Agritech/gcc-arm-none-eabi-4_8-2014q1/bin/../lib/gcc/arm-none-eabi/4.8.3/../../../../arm-none-eabi/lib/armv7e-m/libnosys.a(sbrk.o)
 .ARM.attributes
                0x000000000000087b       0x2e /Users/davide/Documents/NQM_WORK/Agritech/gcc-arm-none-eabi-4_8-2014q1/bin/../lib/gcc/arm-none-eabi/4.8.3/../../../../arm-none-eabi/lib/armv7e-m/libnosys.a(write.o)

.debug_frame    0x0000000000000000     0x133c
 .debug_frame   0x0000000000000000      0x150 /Users/davide/Documents/NQM_WORK/Agritech/stm32f4/build/main.bak2.o
 .debug_frame   0x0000000000000150       0x40 /Users/davide/Documents/NQM_WORK/Agritech/stm32f4/build/startup_stm32f4xx.o
 .debug_frame   0x0000000000000190       0x34 /Users/davide/Documents/NQM_WORK/Agritech/stm32f4/build/system_stm32f4xx.o
 .debug_frame   0x00000000000001c4       0x98 /Users/davide/Documents/NQM_WORK/Agritech/stm32f4/build/dht22.o
 .debug_frame   0x000000000000025c       0x80 /Users/davide/Documents/NQM_WORK/Agritech/stm32f4/build/timer.o
 .debug_frame   0x00000000000002dc       0xa0 /Users/davide/Documents/NQM_WORK/Agritech/stm32f4/build/utility.o
 .debug_frame   0x000000000000037c       0x28 /Users/davide/Documents/NQM_WORK/Agritech/stm32f4/build/crc16.o
 .debug_frame   0x00000000000003a4       0x6c /Users/davide/Documents/NQM_WORK/Agritech/stm32f4/lib/STM32F4xx_StdPeriph_Driver/libstdperiph.a(misc.o)
 .debug_frame   0x0000000000000410      0x36c /Users/davide/Documents/NQM_WORK/Agritech/stm32f4/lib/STM32F4xx_StdPeriph_Driver/libstdperiph.a(stm32f4xx_rcc.o)
 .debug_frame   0x000000000000077c      0x118 /Users/davide/Documents/NQM_WORK/Agritech/stm32f4/lib/STM32F4xx_StdPeriph_Driver/libstdperiph.a(stm32f4xx_gpio.o)
 .debug_frame   0x0000000000000894      0x210 /Users/davide/Documents/NQM_WORK/Agritech/stm32f4/lib/STM32F4xx_StdPeriph_Driver/libstdperiph.a(stm32f4xx_usart.o)
 .debug_frame   0x0000000000000aa4       0x20 /Users/davide/Documents/NQM_WORK/Agritech/gcc-arm-none-eabi-4_8-2014q1/bin/../lib/gcc/arm-none-eabi/4.8.3/../../../../arm-none-eabi/lib/armv7e-m/libc_s.a(lib_a-memset.o)
 .debug_frame   0x0000000000000ac4       0x60 /Users/davide/Documents/NQM_WORK/Agritech/gcc-arm-none-eabi-4_8-2014q1/bin/../lib/gcc/arm-none-eabi/4.8.3/../../../../arm-none-eabi/lib/armv7e-m/libc_s.a(lib_a-printf.o)
 .debug_frame   0x0000000000000b24       0xa8 /Users/davide/Documents/NQM_WORK/Agritech/gcc-arm-none-eabi-4_8-2014q1/bin/../lib/gcc/arm-none-eabi/4.8.3/../../../../arm-none-eabi/lib/armv7e-m/libc_s.a(lib_a-vfprintf.o)
 .debug_frame   0x0000000000000bcc       0x60 /Users/davide/Documents/NQM_WORK/Agritech/gcc-arm-none-eabi-4_8-2014q1/bin/../lib/gcc/arm-none-eabi/4.8.3/../../../../arm-none-eabi/lib/armv7e-m/libc_s.a(lib_a-vfprintf_i.o)
 .debug_frame   0x0000000000000c2c       0x48 /Users/davide/Documents/NQM_WORK/Agritech/gcc-arm-none-eabi-4_8-2014q1/bin/../lib/gcc/arm-none-eabi/4.8.3/../../../../arm-none-eabi/lib/armv7e-m/libc_s.a(lib_a-vsprintf.o)
 .debug_frame   0x0000000000000c74       0x3c /Users/davide/Documents/NQM_WORK/Agritech/gcc-arm-none-eabi-4_8-2014q1/bin/../lib/gcc/arm-none-eabi/4.8.3/../../../../arm-none-eabi/lib/armv7e-m/libc_s.a(lib_a-wbuf.o)
 .debug_frame   0x0000000000000cb0       0x2c /Users/davide/Documents/NQM_WORK/Agritech/gcc-arm-none-eabi-4_8-2014q1/bin/../lib/gcc/arm-none-eabi/4.8.3/../../../../arm-none-eabi/lib/armv7e-m/libc_s.a(lib_a-wsetup.o)
 .debug_frame   0x0000000000000cdc       0x5c /Users/davide/Documents/NQM_WORK/Agritech/gcc-arm-none-eabi-4_8-2014q1/bin/../lib/gcc/arm-none-eabi/4.8.3/../../../../arm-none-eabi/lib/armv7e-m/libc_s.a(lib_a-fflush.o)
 .debug_frame   0x0000000000000d38      0x12c /Users/davide/Documents/NQM_WORK/Agritech/gcc-arm-none-eabi-4_8-2014q1/bin/../lib/gcc/arm-none-eabi/4.8.3/../../../../arm-none-eabi/lib/armv7e-m/libc_s.a(lib_a-findfp.o)
 .debug_frame   0x0000000000000e64       0x30 /Users/davide/Documents/NQM_WORK/Agritech/gcc-arm-none-eabi-4_8-2014q1/bin/../lib/gcc/arm-none-eabi/4.8.3/../../../../arm-none-eabi/lib/armv7e-m/libc_s.a(lib_a-makebuf.o)
 .debug_frame   0x0000000000000e94       0x28 /Users/davide/Documents/NQM_WORK/Agritech/gcc-arm-none-eabi-4_8-2014q1/bin/../lib/gcc/arm-none-eabi/4.8.3/../../../../arm-none-eabi/lib/armv7e-m/libc_s.a(lib_a-memchr-stub.o)
 .debug_frame   0x0000000000000ebc       0x28 /Users/davide/Documents/NQM_WORK/Agritech/gcc-arm-none-eabi-4_8-2014q1/bin/../lib/gcc/arm-none-eabi/4.8.3/../../../../arm-none-eabi/lib/armv7e-m/libc_s.a(lib_a-memcpy-stub.o)
 .debug_frame   0x0000000000000ee4       0x2c /Users/davide/Documents/NQM_WORK/Agritech/gcc-arm-none-eabi-4_8-2014q1/bin/../lib/gcc/arm-none-eabi/4.8.3/../../../../arm-none-eabi/lib/armv7e-m/libc_s.a(lib_a-memmove.o)
 .debug_frame   0x0000000000000f10       0x2c /Users/davide/Documents/NQM_WORK/Agritech/gcc-arm-none-eabi-4_8-2014q1/bin/../lib/gcc/arm-none-eabi/4.8.3/../../../../arm-none-eabi/lib/armv7e-m/libc_s.a(lib_a-nano-freer.o)
 .debug_frame   0x0000000000000f3c       0x2c /Users/davide/Documents/NQM_WORK/Agritech/gcc-arm-none-eabi-4_8-2014q1/bin/../lib/gcc/arm-none-eabi/4.8.3/../../../../arm-none-eabi/lib/armv7e-m/libc_s.a(lib_a-nano-mallocr.o)
 .debug_frame   0x0000000000000f68       0x30 /Users/davide/Documents/NQM_WORK/Agritech/gcc-arm-none-eabi-4_8-2014q1/bin/../lib/gcc/arm-none-eabi/4.8.3/../../../../arm-none-eabi/lib/armv7e-m/libc_s.a(lib_a-nano-reallocr.o)
 .debug_frame   0x0000000000000f98       0x2c /Users/davide/Documents/NQM_WORK/Agritech/gcc-arm-none-eabi-4_8-2014q1/bin/../lib/gcc/arm-none-eabi/4.8.3/../../../../arm-none-eabi/lib/armv7e-m/libc_s.a(lib_a-sbrkr.o)
 .debug_frame   0x0000000000000fc4       0x80 /Users/davide/Documents/NQM_WORK/Agritech/gcc-arm-none-eabi-4_8-2014q1/bin/../lib/gcc/arm-none-eabi/4.8.3/../../../../arm-none-eabi/lib/armv7e-m/libc_s.a(lib_a-stdio.o)
 .debug_frame   0x0000000000001044       0x20 /Users/davide/Documents/NQM_WORK/Agritech/gcc-arm-none-eabi-4_8-2014q1/bin/../lib/gcc/arm-none-eabi/4.8.3/../../../../arm-none-eabi/lib/armv7e-m/libc_s.a(lib_a-strlen.o)
 .debug_frame   0x0000000000001064       0x88 /Users/davide/Documents/NQM_WORK/Agritech/gcc-arm-none-eabi-4_8-2014q1/bin/../lib/gcc/arm-none-eabi/4.8.3/../../../../arm-none-eabi/lib/armv7e-m/libc_s.a(lib_a-svfprintf.o)
 .debug_frame   0x00000000000010ec       0x2c /Users/davide/Documents/NQM_WORK/Agritech/gcc-arm-none-eabi-4_8-2014q1/bin/../lib/gcc/arm-none-eabi/4.8.3/../../../../arm-none-eabi/lib/armv7e-m/libc_s.a(lib_a-writer.o)
 .debug_frame   0x0000000000001118       0x2c /Users/davide/Documents/NQM_WORK/Agritech/gcc-arm-none-eabi-4_8-2014q1/bin/../lib/gcc/arm-none-eabi/4.8.3/../../../../arm-none-eabi/lib/armv7e-m/libc_s.a(lib_a-closer.o)
 .debug_frame   0x0000000000001144       0x2c /Users/davide/Documents/NQM_WORK/Agritech/gcc-arm-none-eabi-4_8-2014q1/bin/../lib/gcc/arm-none-eabi/4.8.3/../../../../arm-none-eabi/lib/armv7e-m/libc_s.a(lib_a-fstatr.o)
 .debug_frame   0x0000000000001170       0x2c /Users/davide/Documents/NQM_WORK/Agritech/gcc-arm-none-eabi-4_8-2014q1/bin/../lib/gcc/arm-none-eabi/4.8.3/../../../../arm-none-eabi/lib/armv7e-m/libc_s.a(lib_a-isattyr.o)
 .debug_frame   0x000000000000119c       0x2c /Users/davide/Documents/NQM_WORK/Agritech/gcc-arm-none-eabi-4_8-2014q1/bin/../lib/gcc/arm-none-eabi/4.8.3/../../../../arm-none-eabi/lib/armv7e-m/libc_s.a(lib_a-lseekr.o)
 .debug_frame   0x00000000000011c8       0x20 /Users/davide/Documents/NQM_WORK/Agritech/gcc-arm-none-eabi-4_8-2014q1/bin/../lib/gcc/arm-none-eabi/4.8.3/../../../../arm-none-eabi/lib/armv7e-m/libc_s.a(lib_a-nano-msizer.o)
 .debug_frame   0x00000000000011e8       0x2c /Users/davide/Documents/NQM_WORK/Agritech/gcc-arm-none-eabi-4_8-2014q1/bin/../lib/gcc/arm-none-eabi/4.8.3/../../../../arm-none-eabi/lib/armv7e-m/libc_s.a(lib_a-readr.o)
 .debug_frame   0x0000000000001214       0x48 /Users/davide/Documents/NQM_WORK/Agritech/gcc-arm-none-eabi-4_8-2014q1/bin/../lib/gcc/arm-none-eabi/4.8.3/../../../../arm-none-eabi/lib/armv7e-m/libc_s.a(lib_a-reent.o)
 .debug_frame   0x000000000000125c       0x20 /Users/davide/Documents/NQM_WORK/Agritech/gcc-arm-none-eabi-4_8-2014q1/bin/../lib/gcc/arm-none-eabi/4.8.3/../../../../arm-none-eabi/lib/armv7e-m/libnosys.a(close.o)
 .debug_frame   0x000000000000127c       0x20 /Users/davide/Documents/NQM_WORK/Agritech/gcc-arm-none-eabi-4_8-2014q1/bin/../lib/gcc/arm-none-eabi/4.8.3/../../../../arm-none-eabi/lib/armv7e-m/libnosys.a(fstat.o)
 .debug_frame   0x000000000000129c       0x20 /Users/davide/Documents/NQM_WORK/Agritech/gcc-arm-none-eabi-4_8-2014q1/bin/../lib/gcc/arm-none-eabi/4.8.3/../../../../arm-none-eabi/lib/armv7e-m/libnosys.a(isatty.o)
 .debug_frame   0x00000000000012bc       0x20 /Users/davide/Documents/NQM_WORK/Agritech/gcc-arm-none-eabi-4_8-2014q1/bin/../lib/gcc/arm-none-eabi/4.8.3/../../../../arm-none-eabi/lib/armv7e-m/libnosys.a(lseek.o)
 .debug_frame   0x00000000000012dc       0x20 /Users/davide/Documents/NQM_WORK/Agritech/gcc-arm-none-eabi-4_8-2014q1/bin/../lib/gcc/arm-none-eabi/4.8.3/../../../../arm-none-eabi/lib/armv7e-m/libnosys.a(read.o)
 .debug_frame   0x00000000000012fc       0x20 /Users/davide/Documents/NQM_WORK/Agritech/gcc-arm-none-eabi-4_8-2014q1/bin/../lib/gcc/arm-none-eabi/4.8.3/../../../../arm-none-eabi/lib/armv7e-m/libnosys.a(sbrk.o)
 .debug_frame   0x000000000000131c       0x20 /Users/davide/Documents/NQM_WORK/Agritech/gcc-arm-none-eabi-4_8-2014q1/bin/../lib/gcc/arm-none-eabi/4.8.3/../../../../arm-none-eabi/lib/armv7e-m/libnosys.a(write.o)

.stab           0x0000000000000000       0x9c
 .stab          0x0000000000000000       0x24 /Users/davide/Documents/NQM_WORK/Agritech/gcc-arm-none-eabi-4_8-2014q1/bin/../lib/gcc/arm-none-eabi/4.8.3/../../../../arm-none-eabi/lib/armv7e-m/libnosys.a(close.o)
 .stab          0x0000000000000024       0x18 /Users/davide/Documents/NQM_WORK/Agritech/gcc-arm-none-eabi-4_8-2014q1/bin/../lib/gcc/arm-none-eabi/4.8.3/../../../../arm-none-eabi/lib/armv7e-m/libnosys.a(fstat.o)
                                         0x24 (size before relaxing)
 .stab          0x000000000000003c       0x18 /Users/davide/Documents/NQM_WORK/Agritech/gcc-arm-none-eabi-4_8-2014q1/bin/../lib/gcc/arm-none-eabi/4.8.3/../../../../arm-none-eabi/lib/armv7e-m/libnosys.a(isatty.o)
                                         0x24 (size before relaxing)
 .stab          0x0000000000000054       0x18 /Users/davide/Documents/NQM_WORK/Agritech/gcc-arm-none-eabi-4_8-2014q1/bin/../lib/gcc/arm-none-eabi/4.8.3/../../../../arm-none-eabi/lib/armv7e-m/libnosys.a(lseek.o)
                                         0x24 (size before relaxing)
 .stab          0x000000000000006c       0x18 /Users/davide/Documents/NQM_WORK/Agritech/gcc-arm-none-eabi-4_8-2014q1/bin/../lib/gcc/arm-none-eabi/4.8.3/../../../../arm-none-eabi/lib/armv7e-m/libnosys.a(read.o)
                                         0x24 (size before relaxing)
 .stab          0x0000000000000084       0x18 /Users/davide/Documents/NQM_WORK/Agritech/gcc-arm-none-eabi-4_8-2014q1/bin/../lib/gcc/arm-none-eabi/4.8.3/../../../../arm-none-eabi/lib/armv7e-m/libnosys.a(write.o)
                                         0x24 (size before relaxing)

.stabstr        0x0000000000000000      0x14d
 .stabstr       0x0000000000000000      0x14d /Users/davide/Documents/NQM_WORK/Agritech/gcc-arm-none-eabi-4_8-2014q1/bin/../lib/gcc/arm-none-eabi/4.8.3/../../../../arm-none-eabi/lib/armv7e-m/libnosys.a(close.o)

Cross Reference Table

Symbol                                            File
ADC_IRQHandler                                    /Users/davide/Documents/NQM_WORK/Agritech/stm32f4/build/startup_stm32f4xx.o
AHBPrescTable                                     /Users/davide/Documents/NQM_WORK/Agritech/stm32f4/build/system_stm32f4xx.o
BusFault_Handler                                  /Users/davide/Documents/NQM_WORK/Agritech/stm32f4/build/startup_stm32f4xx.o
CAN1_RX0_IRQHandler                               /Users/davide/Documents/NQM_WORK/Agritech/stm32f4/build/startup_stm32f4xx.o
CAN1_RX1_IRQHandler                               /Users/davide/Documents/NQM_WORK/Agritech/stm32f4/build/startup_stm32f4xx.o
CAN1_SCE_IRQHandler                               /Users/davide/Documents/NQM_WORK/Agritech/stm32f4/build/startup_stm32f4xx.o
CAN1_TX_IRQHandler                                /Users/davide/Documents/NQM_WORK/Agritech/stm32f4/build/startup_stm32f4xx.o
CAN2_RX0_IRQHandler                               /Users/davide/Documents/NQM_WORK/Agritech/stm32f4/build/startup_stm32f4xx.o
CAN2_RX1_IRQHandler                               /Users/davide/Documents/NQM_WORK/Agritech/stm32f4/build/startup_stm32f4xx.o
CAN2_SCE_IRQHandler                               /Users/davide/Documents/NQM_WORK/Agritech/stm32f4/build/startup_stm32f4xx.o
CAN2_TX_IRQHandler                                /Users/davide/Documents/NQM_WORK/Agritech/stm32f4/build/startup_stm32f4xx.o
CMD                                               /Users/davide/Documents/NQM_WORK/Agritech/stm32f4/build/main.bak2.o
CRYP_IRQHandler                                   /Users/davide/Documents/NQM_WORK/Agritech/stm32f4/build/startup_stm32f4xx.o
DCMI_IRQHandler                                   /Users/davide/Documents/NQM_WORK/Agritech/stm32f4/build/startup_stm32f4xx.o
DHT22_PIN                                         /Users/davide/Documents/NQM_WORK/Agritech/stm32f4/build/utility.o
DHT_PORT                                          /Users/davide/Documents/NQM_WORK/Agritech/stm32f4/build/utility.o
DHT_read                                          /Users/davide/Documents/NQM_WORK/Agritech/stm32f4/build/dht22.o
                                                  /Users/davide/Documents/NQM_WORK/Agritech/stm32f4/build/utility.o
DMA1_Stream0_IRQHandler                           /Users/davide/Documents/NQM_WORK/Agritech/stm32f4/build/startup_stm32f4xx.o
DMA1_Stream1_IRQHandler                           /Users/davide/Documents/NQM_WORK/Agritech/stm32f4/build/startup_stm32f4xx.o
DMA1_Stream2_IRQHandler                           /Users/davide/Documents/NQM_WORK/Agritech/stm32f4/build/startup_stm32f4xx.o
DMA1_Stream3_IRQHandler                           /Users/davide/Documents/NQM_WORK/Agritech/stm32f4/build/startup_stm32f4xx.o
DMA1_Stream4_IRQHandler                           /Users/davide/Documents/NQM_WORK/Agritech/stm32f4/build/startup_stm32f4xx.o
DMA1_Stream5_IRQHandler                           /Users/davide/Documents/NQM_WORK/Agritech/stm32f4/build/startup_stm32f4xx.o
DMA1_Stream6_IRQHandler                           /Users/davide/Documents/NQM_WORK/Agritech/stm32f4/build/startup_stm32f4xx.o
DMA1_Stream7_IRQHandler                           /Users/davide/Documents/NQM_WORK/Agritech/stm32f4/build/startup_stm32f4xx.o
DMA2_Stream0_IRQHandler                           /Users/davide/Documents/NQM_WORK/Agritech/stm32f4/build/startup_stm32f4xx.o
DMA2_Stream1_IRQHandler                           /Users/davide/Documents/NQM_WORK/Agritech/stm32f4/build/startup_stm32f4xx.o
DMA2_Stream2_IRQHandler                           /Users/davide/Documents/NQM_WORK/Agritech/stm32f4/build/startup_stm32f4xx.o
DMA2_Stream3_IRQHandler                           /Users/davide/Documents/NQM_WORK/Agritech/stm32f4/build/startup_stm32f4xx.o
DMA2_Stream4_IRQHandler                           /Users/davide/Documents/NQM_WORK/Agritech/stm32f4/build/startup_stm32f4xx.o
DMA2_Stream5_IRQHandler                           /Users/davide/Documents/NQM_WORK/Agritech/stm32f4/build/startup_stm32f4xx.o
DMA2_Stream6_IRQHandler                           /Users/davide/Documents/NQM_WORK/Agritech/stm32f4/build/startup_stm32f4xx.o
DMA2_Stream7_IRQHandler                           /Users/davide/Documents/NQM_WORK/Agritech/stm32f4/build/startup_stm32f4xx.o
DebugMon_Handler                                  /Users/davide/Documents/NQM_WORK/Agritech/stm32f4/build/startup_stm32f4xx.o
Default_Handler                                   /Users/davide/Documents/NQM_WORK/Agritech/stm32f4/build/startup_stm32f4xx.o
Delay                                             /Users/davide/Documents/NQM_WORK/Agritech/stm32f4/build/main.bak2.o
ETH_IRQHandler                                    /Users/davide/Documents/NQM_WORK/Agritech/stm32f4/build/startup_stm32f4xx.o
ETH_WKUP_IRQHandler                               /Users/davide/Documents/NQM_WORK/Agritech/stm32f4/build/startup_stm32f4xx.o
EXTI0_IRQHandler                                  /Users/davide/Documents/NQM_WORK/Agritech/stm32f4/build/startup_stm32f4xx.o
EXTI15_10_IRQHandler                              /Users/davide/Documents/NQM_WORK/Agritech/stm32f4/build/startup_stm32f4xx.o
EXTI1_IRQHandler                                  /Users/davide/Documents/NQM_WORK/Agritech/stm32f4/build/startup_stm32f4xx.o
EXTI2_IRQHandler                                  /Users/davide/Documents/NQM_WORK/Agritech/stm32f4/build/startup_stm32f4xx.o
EXTI3_IRQHandler                                  /Users/davide/Documents/NQM_WORK/Agritech/stm32f4/build/startup_stm32f4xx.o
EXTI4_IRQHandler                                  /Users/davide/Documents/NQM_WORK/Agritech/stm32f4/build/startup_stm32f4xx.o
EXTI9_5_IRQHandler                                /Users/davide/Documents/NQM_WORK/Agritech/stm32f4/build/startup_stm32f4xx.o
FLASH_IRQHandler                                  /Users/davide/Documents/NQM_WORK/Agritech/stm32f4/build/startup_stm32f4xx.o
FPU_IRQHandler                                    /Users/davide/Documents/NQM_WORK/Agritech/stm32f4/build/startup_stm32f4xx.o
FSMC_IRQHandler                                   /Users/davide/Documents/NQM_WORK/Agritech/stm32f4/build/startup_stm32f4xx.o
GPIO_DHT                                          /Users/davide/Documents/NQM_WORK/Agritech/stm32f4/build/dht22.o
GPIO_DeInit                                       /Users/davide/Documents/NQM_WORK/Agritech/stm32f4/lib/STM32F4xx_StdPeriph_Driver/libstdperiph.a(stm32f4xx_gpio.o)
GPIO_Init                                         /Users/davide/Documents/NQM_WORK/Agritech/stm32f4/lib/STM32F4xx_StdPeriph_Driver/libstdperiph.a(stm32f4xx_gpio.o)
                                                  /Users/davide/Documents/NQM_WORK/Agritech/stm32f4/build/dht22.o
                                                  /Users/davide/Documents/NQM_WORK/Agritech/stm32f4/build/main.bak2.o
GPIO_PinAFConfig                                  /Users/davide/Documents/NQM_WORK/Agritech/stm32f4/lib/STM32F4xx_StdPeriph_Driver/libstdperiph.a(stm32f4xx_gpio.o)
                                                  /Users/davide/Documents/NQM_WORK/Agritech/stm32f4/build/main.bak2.o
GPIO_PinLockConfig                                /Users/davide/Documents/NQM_WORK/Agritech/stm32f4/lib/STM32F4xx_StdPeriph_Driver/libstdperiph.a(stm32f4xx_gpio.o)
GPIO_ReadInputData                                /Users/davide/Documents/NQM_WORK/Agritech/stm32f4/lib/STM32F4xx_StdPeriph_Driver/libstdperiph.a(stm32f4xx_gpio.o)
GPIO_ReadInputDataBit                             /Users/davide/Documents/NQM_WORK/Agritech/stm32f4/lib/STM32F4xx_StdPeriph_Driver/libstdperiph.a(stm32f4xx_gpio.o)
                                                  /Users/davide/Documents/NQM_WORK/Agritech/stm32f4/build/dht22.o
GPIO_ReadOutputData                               /Users/davide/Documents/NQM_WORK/Agritech/stm32f4/lib/STM32F4xx_StdPeriph_Driver/libstdperiph.a(stm32f4xx_gpio.o)
GPIO_ReadOutputDataBit                            /Users/davide/Documents/NQM_WORK/Agritech/stm32f4/lib/STM32F4xx_StdPeriph_Driver/libstdperiph.a(stm32f4xx_gpio.o)
GPIO_ResetBits                                    /Users/davide/Documents/NQM_WORK/Agritech/stm32f4/lib/STM32F4xx_StdPeriph_Driver/libstdperiph.a(stm32f4xx_gpio.o)
                                                  /Users/davide/Documents/NQM_WORK/Agritech/stm32f4/build/dht22.o
                                                  /Users/davide/Documents/NQM_WORK/Agritech/stm32f4/build/main.bak2.o
GPIO_SetBits                                      /Users/davide/Documents/NQM_WORK/Agritech/stm32f4/lib/STM32F4xx_StdPeriph_Driver/libstdperiph.a(stm32f4xx_gpio.o)
                                                  /Users/davide/Documents/NQM_WORK/Agritech/stm32f4/build/dht22.o
                                                  /Users/davide/Documents/NQM_WORK/Agritech/stm32f4/build/main.bak2.o
GPIO_StructInit                                   /Users/davide/Documents/NQM_WORK/Agritech/stm32f4/lib/STM32F4xx_StdPeriph_Driver/libstdperiph.a(stm32f4xx_gpio.o)
                                                  /Users/davide/Documents/NQM_WORK/Agritech/stm32f4/build/main.bak2.o
GPIO_ToggleBits                                   /Users/davide/Documents/NQM_WORK/Agritech/stm32f4/lib/STM32F4xx_StdPeriph_Driver/libstdperiph.a(stm32f4xx_gpio.o)
GPIO_Write                                        /Users/davide/Documents/NQM_WORK/Agritech/stm32f4/lib/STM32F4xx_StdPeriph_Driver/libstdperiph.a(stm32f4xx_gpio.o)
GPIO_WriteBit                                     /Users/davide/Documents/NQM_WORK/Agritech/stm32f4/lib/STM32F4xx_StdPeriph_Driver/libstdperiph.a(stm32f4xx_gpio.o)
GPIOx_TypeDefInitialize                           /Users/davide/Documents/NQM_WORK/Agritech/stm32f4/build/dht22.o
HASH_RNG_IRQHandler                               /Users/davide/Documents/NQM_WORK/Agritech/stm32f4/build/startup_stm32f4xx.o
HardFault_Handler                                 /Users/davide/Documents/NQM_WORK/Agritech/stm32f4/build/startup_stm32f4xx.o
I2C1_ER_IRQHandler                                /Users/davide/Documents/NQM_WORK/Agritech/stm32f4/build/startup_stm32f4xx.o
I2C1_EV_IRQHandler                                /Users/davide/Documents/NQM_WORK/Agritech/stm32f4/build/startup_stm32f4xx.o
I2C2_ER_IRQHandler                                /Users/davide/Documents/NQM_WORK/Agritech/stm32f4/build/startup_stm32f4xx.o
I2C2_EV_IRQHandler                                /Users/davide/Documents/NQM_WORK/Agritech/stm32f4/build/startup_stm32f4xx.o
I2C3_ER_IRQHandler                                /Users/davide/Documents/NQM_WORK/Agritech/stm32f4/build/startup_stm32f4xx.o
I2C3_EV_IRQHandler                                /Users/davide/Documents/NQM_WORK/Agritech/stm32f4/build/startup_stm32f4xx.o
LED                                               /Users/davide/Documents/NQM_WORK/Agritech/stm32f4/build/main.bak2.o
LEDS                                              /Users/davide/Documents/NQM_WORK/Agritech/stm32f4/build/main.bak2.o
LED_setup                                         /Users/davide/Documents/NQM_WORK/Agritech/stm32f4/build/main.bak2.o
MemManage_Handler                                 /Users/davide/Documents/NQM_WORK/Agritech/stm32f4/build/startup_stm32f4xx.o
NMI_Handler                                       /Users/davide/Documents/NQM_WORK/Agritech/stm32f4/build/startup_stm32f4xx.o
NVIC_Init                                         /Users/davide/Documents/NQM_WORK/Agritech/stm32f4/lib/STM32F4xx_StdPeriph_Driver/libstdperiph.a(misc.o)
                                                  /Users/davide/Documents/NQM_WORK/Agritech/stm32f4/build/main.bak2.o
NVIC_PriorityGroupConfig                          /Users/davide/Documents/NQM_WORK/Agritech/stm32f4/lib/STM32F4xx_StdPeriph_Driver/libstdperiph.a(misc.o)
NVIC_SetVectorTable                               /Users/davide/Documents/NQM_WORK/Agritech/stm32f4/lib/STM32F4xx_StdPeriph_Driver/libstdperiph.a(misc.o)
NVIC_SystemLPConfig                               /Users/davide/Documents/NQM_WORK/Agritech/stm32f4/lib/STM32F4xx_StdPeriph_Driver/libstdperiph.a(misc.o)
OTG_FS_IRQHandler                                 /Users/davide/Documents/NQM_WORK/Agritech/stm32f4/build/startup_stm32f4xx.o
OTG_FS_WKUP_IRQHandler                            /Users/davide/Documents/NQM_WORK/Agritech/stm32f4/build/startup_stm32f4xx.o
OTG_HS_EP1_IN_IRQHandler                          /Users/davide/Documents/NQM_WORK/Agritech/stm32f4/build/startup_stm32f4xx.o
OTG_HS_EP1_OUT_IRQHandler                         /Users/davide/Documents/NQM_WORK/Agritech/stm32f4/build/startup_stm32f4xx.o
OTG_HS_IRQHandler                                 /Users/davide/Documents/NQM_WORK/Agritech/stm32f4/build/startup_stm32f4xx.o
OTG_HS_WKUP_IRQHandler                            /Users/davide/Documents/NQM_WORK/Agritech/stm32f4/build/startup_stm32f4xx.o
PVD_IRQHandler                                    /Users/davide/Documents/NQM_WORK/Agritech/stm32f4/build/startup_stm32f4xx.o
PendSV_Handler                                    /Users/davide/Documents/NQM_WORK/Agritech/stm32f4/build/startup_stm32f4xx.o
RCC_AHB1PeriphClockCmd                            /Users/davide/Documents/NQM_WORK/Agritech/stm32f4/lib/STM32F4xx_StdPeriph_Driver/libstdperiph.a(stm32f4xx_rcc.o)
                                                  /Users/davide/Documents/NQM_WORK/Agritech/stm32f4/build/dht22.o
                                                  /Users/davide/Documents/NQM_WORK/Agritech/stm32f4/build/main.bak2.o
RCC_AHB1PeriphClockLPModeCmd                      /Users/davide/Documents/NQM_WORK/Agritech/stm32f4/lib/STM32F4xx_StdPeriph_Driver/libstdperiph.a(stm32f4xx_rcc.o)
RCC_AHB1PeriphResetCmd                            /Users/davide/Documents/NQM_WORK/Agritech/stm32f4/lib/STM32F4xx_StdPeriph_Driver/libstdperiph.a(stm32f4xx_rcc.o)
                                                  /Users/davide/Documents/NQM_WORK/Agritech/stm32f4/lib/STM32F4xx_StdPeriph_Driver/libstdperiph.a(stm32f4xx_gpio.o)
RCC_AHB2PeriphClockCmd                            /Users/davide/Documents/NQM_WORK/Agritech/stm32f4/lib/STM32F4xx_StdPeriph_Driver/libstdperiph.a(stm32f4xx_rcc.o)
RCC_AHB2PeriphClockLPModeCmd                      /Users/davide/Documents/NQM_WORK/Agritech/stm32f4/lib/STM32F4xx_StdPeriph_Driver/libstdperiph.a(stm32f4xx_rcc.o)
RCC_AHB2PeriphResetCmd                            /Users/davide/Documents/NQM_WORK/Agritech/stm32f4/lib/STM32F4xx_StdPeriph_Driver/libstdperiph.a(stm32f4xx_rcc.o)
RCC_AHB3PeriphClockCmd                            /Users/davide/Documents/NQM_WORK/Agritech/stm32f4/lib/STM32F4xx_StdPeriph_Driver/libstdperiph.a(stm32f4xx_rcc.o)
RCC_AHB3PeriphClockLPModeCmd                      /Users/davide/Documents/NQM_WORK/Agritech/stm32f4/lib/STM32F4xx_StdPeriph_Driver/libstdperiph.a(stm32f4xx_rcc.o)
RCC_AHB3PeriphResetCmd                            /Users/davide/Documents/NQM_WORK/Agritech/stm32f4/lib/STM32F4xx_StdPeriph_Driver/libstdperiph.a(stm32f4xx_rcc.o)
RCC_APB1PeriphClockCmd                            /Users/davide/Documents/NQM_WORK/Agritech/stm32f4/lib/STM32F4xx_StdPeriph_Driver/libstdperiph.a(stm32f4xx_rcc.o)
                                                  /Users/davide/Documents/NQM_WORK/Agritech/stm32f4/build/main.bak2.o
RCC_APB1PeriphClockLPModeCmd                      /Users/davide/Documents/NQM_WORK/Agritech/stm32f4/lib/STM32F4xx_StdPeriph_Driver/libstdperiph.a(stm32f4xx_rcc.o)
RCC_APB1PeriphResetCmd                            /Users/davide/Documents/NQM_WORK/Agritech/stm32f4/lib/STM32F4xx_StdPeriph_Driver/libstdperiph.a(stm32f4xx_rcc.o)
                                                  /Users/davide/Documents/NQM_WORK/Agritech/stm32f4/lib/STM32F4xx_StdPeriph_Driver/libstdperiph.a(stm32f4xx_usart.o)
RCC_APB2PeriphClockCmd                            /Users/davide/Documents/NQM_WORK/Agritech/stm32f4/lib/STM32F4xx_StdPeriph_Driver/libstdperiph.a(stm32f4xx_rcc.o)
RCC_APB2PeriphClockLPModeCmd                      /Users/davide/Documents/NQM_WORK/Agritech/stm32f4/lib/STM32F4xx_StdPeriph_Driver/libstdperiph.a(stm32f4xx_rcc.o)
RCC_APB2PeriphResetCmd                            /Users/davide/Documents/NQM_WORK/Agritech/stm32f4/lib/STM32F4xx_StdPeriph_Driver/libstdperiph.a(stm32f4xx_rcc.o)
                                                  /Users/davide/Documents/NQM_WORK/Agritech/stm32f4/lib/STM32F4xx_StdPeriph_Driver/libstdperiph.a(stm32f4xx_usart.o)
RCC_AdjustHSICalibrationValue                     /Users/davide/Documents/NQM_WORK/Agritech/stm32f4/lib/STM32F4xx_StdPeriph_Driver/libstdperiph.a(stm32f4xx_rcc.o)
RCC_BackupResetCmd                                /Users/davide/Documents/NQM_WORK/Agritech/stm32f4/lib/STM32F4xx_StdPeriph_Driver/libstdperiph.a(stm32f4xx_rcc.o)
RCC_ClearFlag                                     /Users/davide/Documents/NQM_WORK/Agritech/stm32f4/lib/STM32F4xx_StdPeriph_Driver/libstdperiph.a(stm32f4xx_rcc.o)
RCC_ClearITPendingBit                             /Users/davide/Documents/NQM_WORK/Agritech/stm32f4/lib/STM32F4xx_StdPeriph_Driver/libstdperiph.a(stm32f4xx_rcc.o)
RCC_ClockSecuritySystemCmd                        /Users/davide/Documents/NQM_WORK/Agritech/stm32f4/lib/STM32F4xx_StdPeriph_Driver/libstdperiph.a(stm32f4xx_rcc.o)
RCC_DeInit                                        /Users/davide/Documents/NQM_WORK/Agritech/stm32f4/lib/STM32F4xx_StdPeriph_Driver/libstdperiph.a(stm32f4xx_rcc.o)
RCC_GetClocksFreq                                 /Users/davide/Documents/NQM_WORK/Agritech/stm32f4/lib/STM32F4xx_StdPeriph_Driver/libstdperiph.a(stm32f4xx_rcc.o)
                                                  /Users/davide/Documents/NQM_WORK/Agritech/stm32f4/lib/STM32F4xx_StdPeriph_Driver/libstdperiph.a(stm32f4xx_usart.o)
RCC_GetFlagStatus                                 /Users/davide/Documents/NQM_WORK/Agritech/stm32f4/lib/STM32F4xx_StdPeriph_Driver/libstdperiph.a(stm32f4xx_rcc.o)
RCC_GetITStatus                                   /Users/davide/Documents/NQM_WORK/Agritech/stm32f4/lib/STM32F4xx_StdPeriph_Driver/libstdperiph.a(stm32f4xx_rcc.o)
RCC_GetSYSCLKSource                               /Users/davide/Documents/NQM_WORK/Agritech/stm32f4/lib/STM32F4xx_StdPeriph_Driver/libstdperiph.a(stm32f4xx_rcc.o)
RCC_HCLKConfig                                    /Users/davide/Documents/NQM_WORK/Agritech/stm32f4/lib/STM32F4xx_StdPeriph_Driver/libstdperiph.a(stm32f4xx_rcc.o)
RCC_HSEConfig                                     /Users/davide/Documents/NQM_WORK/Agritech/stm32f4/lib/STM32F4xx_StdPeriph_Driver/libstdperiph.a(stm32f4xx_rcc.o)
RCC_HSICmd                                        /Users/davide/Documents/NQM_WORK/Agritech/stm32f4/lib/STM32F4xx_StdPeriph_Driver/libstdperiph.a(stm32f4xx_rcc.o)